
 RUN  v4.0.18 C:/Users/krssa/projects/nalamdesk

stdout | src/main/services/BackupService.spec.ts:48:5 > BackupService > should schedule a daily backup
[Backup] Scheduling daily backup for 0 22 * * *

stdout | src/main/services/BackupService.spec.ts:56:5 > BackupService > should stop existing job before scheduling new one
[Backup] Scheduling daily backup for 0 22 * * *
[Backup] Scheduling daily backup for 0 22 * * *

stdout | src/main/services/BackupService.spec.ts:63:9 > BackupService > performBackup > should perform backup if authenticated and path exists
[Backup] Starting automated backup...

 Γ¥» src/renderer/app/services/auth.service.spec.ts (6 tests | 6 failed) 224ms
       ├ù should login successfully via electron IPC 106ms
       ├ù should handle login failure 22ms
       ├ù should catch ipc errors 15ms
       ├ù should login via fetch 36ms
       ├ù should handle fetch failure 13ms
       ├ù should logout by clearing storage 16ms
stdout | src/main/services/BackupService.spec.ts:72:9 > BackupService > performBackup > should skip if not authenticated
[Backup] Starting automated backup...
[Backup] Skipped: Google Drive not authenticated.

stdout | src/main/services/BackupService.spec.ts:78:9 > BackupService > performBackup > should skip if db path not found
[Backup] Starting automated backup...

stdout | src/main/services/SecurityService.spec.ts:72:9 > SecurityService > initDb > should initialize database with correct pragma key
Database opened successfully

stdout | src/main/services/SecurityService.spec.ts:95:9 > SecurityService > closeDb > should close the database if open
Database opened successfully

 Γ¥» src/main/services/BackupService.spec.ts (5 tests | 5 failed) 309ms
     ├ù should schedule a daily backup 115ms
     ├ù should stop existing job before scheduling new one 26ms
       ├ù should perform backup if authenticated and path exists 106ms
       ├ù should skip if not authenticated 30ms
       ├ù should skip if db path not found 8ms
 Γ¥» src/main/services/SecurityService.spec.ts (7 tests | 7 failed) 298ms
       ├ù should derive a 32-byte key using argon2id 172ms
       ├ù should propagate errors from argon2 33ms
       ├ù should initialize database with correct pragma key 15ms
       ├ù should throw INVALID_PASSWORD on sqlite error "file is not a database" 24ms
       ├ù should rethrow other errors 12ms
       ├ù should close the database if open 13ms
       ├ù should do nothing if db is not open 8ms
 Γ¥» src/renderer/app/services/api.service.spec.ts (5 tests | 5 failed) 304ms
       ├ù should call local electron db method 128ms
       ├ù should throw if method not found locally 56ms
       ├ù should call fetch with token 63ms
       ├ù should throw if not authenticated 18ms
       ├ù should handle server errors 12ms
stdout | src/main/services/DatabaseService.spec.ts:36:9 > DatabaseService > migrate > should execute schema creation queries
[Test] db.pragma called
[DB] Current Schema Version: 0
[Test] db.transaction called
[DB] Migrating to v1...
Running Migration v1 (Baseline)...
[Test] db.exec called: 
                CREATE TABLE IF NOT EXISTS settin
[Test] db.exec called: ALTER TABLE settings ADD COLUMN drive_tokens TEXT
[Test] db.exec called: ALTER TABLE settings ADD COLUMN clinic_name TEXT
[Test] db.exec called: ALTER TABLE settings ADD COLUMN doctor_name TEXT
[Test] db.exec called: ALTER TABLE settings ADD COLUMN cloud_clinic_id TE
[Test] db.exec called: ALTER TABLE settings ADD COLUMN cloud_api_key TEXT
[Test] db.exec called: ALTER TABLE settings ADD COLUMN cloud_enabled INTE
[Test] db.exec called: 
                CREATE TABLE IF NOT EXISTS users 
[Test] db.exec called: ALTER TABLE users ADD COLUMN specialty TEXT
[Test] db.exec called: ALTER TABLE users ADD COLUMN license_number TEXT
[Test] db.exec called: 
                CREATE TABLE IF NOT EXISTS patien
[Test] db.exec called: ALTER TABLE patients ADD COLUMN dob DATE
[Test] db.exec called: ALTER TABLE patients ADD COLUMN blood_group TEXT
[Test] db.exec called: ALTER TABLE patients ADD COLUMN email TEXT
[Test] db.exec called: ALTER TABLE patients ADD COLUMN emergency_contact_
[Test] db.exec called: ALTER TABLE patients ADD COLUMN emergency_contact_
[Test] db.exec called: ALTER TABLE patients ADD COLUMN street TEXT
[Test] db.exec called: ALTER TABLE patients ADD COLUMN city TEXT
[Test] db.exec called: ALTER TABLE patients ADD COLUMN state TEXT
[Test] db.exec called: ALTER TABLE patients ADD COLUMN zip_code TEXT
[Test] db.exec called: ALTER TABLE patients ADD COLUMN insurance_provider
[Test] db.exec called: ALTER TABLE patients ADD COLUMN policy_number TEXT
[Test] db.exec called: 
                CREATE TABLE IF NOT EXISTS visits
[Test] db.exec called: ALTER TABLE visits ADD COLUMN doctor_id INTEGER
[Test] db.exec called: ALTER TABLE visits ADD COLUMN symptoms TEXT
[Test] db.exec called: ALTER TABLE visits ADD COLUMN examination_notes TE
[Test] db.exec called: ALTER TABLE visits ADD COLUMN diagnosis_type TEXT
[Test] db.exec called: 
                CREATE TABLE IF NOT EXISTS vitals
[Test] db.exec called: 
                CREATE TABLE IF NOT EXISTS audit_
[Test] db.exec called: 
                CREATE TABLE IF NOT EXISTS patien
[Test] db.exec called: 
                CREATE TABLE IF NOT EXISTS appoin
[Test] db.exec called: 
                CREATE TABLE IF NOT EXISTS appoin
[Test] db.pragma called
[DB] Migrating to v2...
Running Migration v2 (RBAC Roles)...
[Test] db.exec called: 
                CREATE TABLE IF NOT EXISTS roles 
[Test] db.pragma called
[Test] db.pragma called
[DB] Migration check complete. Version: 0

stdout | src/main/services/DatabaseService.spec.ts:46:9 > DatabaseService > migrate > should handle existing column errors gracefully during migration
[Test] db.pragma called
[DB] Current Schema Version: 0
[Test] db.transaction called
[DB] Migrating to v1...
Running Migration v1 (Baseline)...
[Test] db.exec called: ALTER TABLE settings ADD COLUMN clinic_name TEXT
[Test] db.exec called: ALTER TABLE settings ADD COLUMN doctor_name TEXT
[Test] db.exec called: ALTER TABLE settings ADD COLUMN cloud_clinic_id TE
[Test] db.exec called: ALTER TABLE settings ADD COLUMN cloud_api_key TEXT
[Test] db.exec called: ALTER TABLE settings ADD COLUMN cloud_enabled INTE
[Test] db.exec called: 
                CREATE TABLE IF NOT EXISTS users 
[Test] db.exec called: ALTER TABLE users ADD COLUMN specialty TEXT
[Test] db.exec called: ALTER TABLE users ADD COLUMN license_number TEXT
[Test] db.exec called: 
                CREATE TABLE IF NOT EXISTS patien
[Test] db.exec called: ALTER TABLE patients ADD COLUMN dob DATE
[Test] db.exec called: ALTER TABLE patients ADD COLUMN blood_group TEXT
[Test] db.exec called: ALTER TABLE patients ADD COLUMN email TEXT
[Test] db.exec called: ALTER TABLE patients ADD COLUMN emergency_contact_
[Test] db.exec called: ALTER TABLE patients ADD COLUMN emergency_contact_
[Test] db.exec called: ALTER TABLE patients ADD COLUMN street TEXT
[Test] db.exec called: ALTER TABLE patients ADD COLUMN city TEXT
[Test] db.exec called: ALTER TABLE patients ADD COLUMN state TEXT
[Test] db.exec called: ALTER TABLE patients ADD COLUMN zip_code TEXT
[Test] db.exec called: ALTER TABLE patients ADD COLUMN insurance_provider
[Test] db.exec called: ALTER TABLE patients ADD COLUMN policy_number TEXT
[Test] db.exec called: 
                CREATE TABLE IF NOT EXISTS visits
[Test] db.exec called: ALTER TABLE visits ADD COLUMN doctor_id INTEGER
[Test] db.exec called: ALTER TABLE visits ADD COLUMN symptoms TEXT
[Test] db.exec called: ALTER TABLE visits ADD COLUMN examination_notes TE
[Test] db.exec called: ALTER TABLE visits ADD COLUMN diagnosis_type TEXT
[Test] db.exec called: 
                CREATE TABLE IF NOT EXISTS vitals
[Test] db.exec called: 
                CREATE TABLE IF NOT EXISTS audit_
[Test] db.exec called: 
                CREATE TABLE IF NOT EXISTS patien
[Test] db.exec called: 
                CREATE TABLE IF NOT EXISTS appoin
[Test] db.exec called: 
                CREATE TABLE IF NOT EXISTS appoin
[Test] db.pragma called
[DB] Migrating to v2...
Running Migration v2 (RBAC Roles)...
[Test] db.exec called: 
                CREATE TABLE IF NOT EXISTS roles 
[Test] db.pragma called
[Test] db.pragma called
[DB] Migration check complete. Version: 0

stdout | src/main/services/DatabaseService.spec.ts:53:9 > DatabaseService > User Management > should save a new user with hashed password
[DB] Creating user test

stdout | src/main/services/DatabaseService.spec.ts:100:9 > DatabaseService > User Management > should return null for inactive user
[DB] User inactive: test [33m0[39m

 Γ¥» src/renderer/app/shared/components/date-picker/date-picker.component.spec.ts (11 tests | 11 failed) 298ms
     ├ù should create 71ms
     ├ù should generate years based on min/max date 12ms
     ├ù should select year and move to MONTH view 17ms
     ├ù should select month and move to DAY view 8ms
     ├ù should select day and update value 31ms
     ├ù should parse manual input (DDMMYYYY) 24ms
     ├ù should parse manual input (DD/MM/YYYY) 11ms
     ├ù should not update value for invalid date 33ms
     ├ù should respect minDate validation 17ms
     ├ù should handle global click (close if outside) 35ms
     ├ù should handle global click (stay open if inside) 15ms
stdout | src/renderer/app/visits/visit/visit.component.spec.ts:83:5 > VisitComponent > should initialize and load data
DEBUG: VisitComponent patientId: [33m1[39m number
DEBUG: Queue Content: []
DEBUG: Found QueueItem: [90mundefined[39m
DEBUG: isConsulting: [33mfalse[39m
DEBUG: VisitComponent patientId: [33m1[39m number
DEBUG: Queue Content: []
DEBUG: Found QueueItem: [90mundefined[39m
DEBUG: isConsulting: [33mfalse[39m

stdout | src/renderer/app/visits/visit/visit.component.spec.ts:101:5 > VisitComponent > should set isConsulting to true when patient is in queue
DEBUG: VisitComponent patientId: [33m1[39m number
DEBUG: Queue Content: [{"patient_id":1,"status":"in-consult"}]
DEBUG: Found QueueItem: { patient_id: [33m1[39m, status: [32m'in-consult'[39m }
DEBUG: isConsulting: [33mtrue[39m
DEBUG: VisitComponent patientId: [33m1[39m number
DEBUG: Queue Content: [{"patient_id":1,"status":"in-consult"}]
DEBUG: Found QueueItem: { patient_id: [33m1[39m, status: [32m'in-consult'[39m }
DEBUG: isConsulting: [33mtrue[39m

 Γ¥» src/main/services/DatabaseService.spec.ts (15 tests | 15 failed) 445ms
       ├ù should execute schema creation queries 122ms
       ├ù should handle existing column errors gracefully during migration 34ms
       ├ù should save a new user with hashed password 91ms
       ├ù should update an existing user 25ms
       ├ù should validate user credentials correctly 22ms
       ├ù should return null for invalid password 12ms
       ├ù should return null for inactive user 6ms
       ├ù should save a new patient with UUID 27ms
       ├ù should search patients 20ms
       ├ù should add patient to queue 16ms
       ├ù should throw if patient already in queue 14ms
       ├ù should log audit when updating queue status 6ms
       ├ù should get permissions for a role 12ms
       ├ù should return empty array if role not found 8ms
       ├ù should save a role with permissions 12ms
stdout | src/renderer/app/visits/visit/visit.component.spec.ts:118:5 > VisitComponent > should save visit
DEBUG: VisitComponent patientId: [33m1[39m number
DEBUG: Queue Content: []
DEBUG: Found QueueItem: [90mundefined[39m
DEBUG: isConsulting: [33mfalse[39m

 Γ¥» src/renderer/app/visits/visit/visit.component.spec.ts (4 tests | 4 failed) 171ms
     ├ù should initialize and load data 73ms
     ├ù should set isConsulting to true when patient is in queue 24ms
     ├ù should save visit 35ms
     ├ù should end consult 22ms
stdout | src/main/services/CloudSyncService.spec.ts:67:5 > CloudSyncService > should poll, process appointment request, and ack
[Cloud] Received 1 messages

 Γ¥» src/renderer/app/patients/patient-list/patient-list.component.spec.ts (9 tests | 9 failed) 238ms
     ├ù should load patients on init 95ms
     ├ù should search patients 18ms
     ├ù should add patient to queue 16ms
     ├ù should not add to queue if already enqueued 17ms
     ├ù should open modal for new patient 17ms
     ├ù should edit patient 8ms
     ├ù should calculate minDate as 110 years ago 7ms
     ├ù should return today date string 11ms
     ├ù should validate max age 24ms
stdout | src/main/services/CloudSyncService.spec.ts:127:5 > CloudSyncService > should handle request save failure but still continue
[Cloud] Received 1 messages

 Γ¥» src/main/services/CloudSyncService.spec.ts (4 tests | 4 failed) 173ms
     ├ù should onboard successfully and save settings 83ms
     ├ù should handle poll with no settings 4ms
     ├ù should poll, process appointment request, and ack 52ms
     ├ù should handle request save failure but still continue 22ms
 Γ¥» src/renderer/app/settings/settings.component.spec.ts (5 tests | 5 failed) 216ms
     ├ù should redirect if user is not admin 65ms
     ├ù should load settings if user is admin 69ms
     ├ù should save settings 32ms
     ├ù should add a new user 24ms
     ├ù should validation user creation 9ms
 Γ¥» src/renderer/app/visits/prescription/prescription.component.spec.ts (5 tests | 5 failed) 1911ms
     ├ù should create 1223ms
     ├ù should initialize with default item 183ms
     ├ù should add medicine item 218ms
     ├ù should remove medicine item 182ms
     ├ù should emit changes when updated 96ms
 Γ¥» src/renderer/app/dashboard/dashboard.component.spec.ts (2 tests | 2 failed) 45ms
     ├ù should load dashboard stats on init 34ms
     ├ù should handle errors when loading stats 6ms
 Γ¥» src/main/services/CrashService.spec.ts (2 tests | 2 failed) 41ms
     ├ù should register error handlers on instantiation 27ms
     ├ù should use sanitize PII from home directory 4ms
 Γ¥» src/main/services/SessionService.spec.ts (3 tests | 3 failed) 50ms
     ├ù should start with no user 19ms
     ├ù should set and get user 21ms
     ├ù should clear session 4ms
 Γ¥» src/renderer/app/login/login.component.spec.ts (5 tests | 5 failed) 56ms
     ├ù should initialize with default values 21ms
     ├ù should not login if fields are empty 5ms
     ├ù should set error message on login failure 5ms
     ├ù should navigate to dashboard on login success 11ms
     ├ù should handle exception during login 8ms

 Test Files  15 failed (15)
      Tests  88 failed (88)
   Start at  08:06:01
   Duration  25.90s (transform 14.71s, setup 77.70s, import 24.47s, tests 4.78s, environment 81.60s)

{"numTotalTestSuites":44,"numPassedTestSuites":0,"numFailedTestSuites":44,"numPendingTestSuites":0,"numTotalTests":88,"numPassedTests":0,"numFailedTests":88,"numPendingTests":0,"numTodoTests":0,"snapshot":{"added":0,"failure":false,"filesAdded":0,"filesRemoved":0,"filesRemovedList":[],"filesUnmatched":0,"filesUpdated":0,"matched":0,"total":0,"unchecked":0,"uncheckedKeysByFile":[],"unmatched":0,"updated":0,"didUpdate":false},"startTime":1769778361578,"success":false,"testResults":[{"assertionResults":[{"ancestorTitles":["BackupService"],"fullName":"BackupService should schedule a daily backup","status":"failed","title":"should schedule a daily backup","duration":114.84579999999914,"failureMessages":["Error: Expected to be running in 'ProxyZone', but it was not found.\n    at Function.assertPresent (C:\\Users\\krssa\\projects\\nalamdesk\\node_modules\\zone.js\\fesm2015\\zone-testing.js:1984:19)\n    at Object.resetFakeAsyncZone (C:\\Users\\krssa\\projects\\nalamdesk\\node_modules\\zone.js\\fesm2015\\zone-testing.js:1652:46)\n    at resetFakeAsyncZoneIfExists (file:///C:/Users/krssa/projects/nalamdesk/node_modules/@angular/core/fesm2022/testing.mjs:409:29)\n    at file:///C:/Users/krssa/projects/nalamdesk/node_modules/@angular/core/fesm2022/testing.mjs:2220:13\n    at file:///C:/Users/krssa/projects/nalamdesk/node_modules/@vitest/runner/dist/index.js:145:11\n    at file:///C:/Users/krssa/projects/nalamdesk/node_modules/@vitest/runner/dist/index.js:1243:20\n    at new ZoneAwarePromise (C:\\Users\\krssa\\projects\\nalamdesk\\node_modules\\zone.js\\fesm2015\\zone.js:2702:25)\n    at runWithTimeout (file:///C:/Users/krssa/projects/nalamdesk/node_modules/@vitest/runner/dist/index.js:1209:10)\n    at runHook (file:///C:/Users/krssa/projects/nalamdesk/node_modules/@vitest/runner/dist/index.js:1514:51)\n    at callSuiteHook (file:///C:/Users/krssa/projects/nalamdesk/node_modules/@vitest/runner/dist/index.js:1520:25)"],"location":{"line":48,"column":5},"meta":{}},{"ancestorTitles":["BackupService"],"fullName":"BackupService should stop existing job before scheduling new one","status":"failed","title":"should stop existing job before scheduling new one","duration":25.893400000000838,"failureMessages":["Error: Expected to be running in 'ProxyZone', but it was not found.\n    at Function.assertPresent (C:\\Users\\krssa\\projects\\nalamdesk\\node_modules\\zone.js\\fesm2015\\zone-testing.js:1984:19)\n    at Object.resetFakeAsyncZone (C:\\Users\\krssa\\projects\\nalamdesk\\node_modules\\zone.js\\fesm2015\\zone-testing.js:1652:46)\n    at resetFakeAsyncZoneIfExists (file:///C:/Users/krssa/projects/nalamdesk/node_modules/@angular/core/fesm2022/testing.mjs:409:29)\n    at file:///C:/Users/krssa/projects/nalamdesk/node_modules/@angular/core/fesm2022/testing.mjs:2220:13\n    at file:///C:/Users/krssa/projects/nalamdesk/node_modules/@vitest/runner/dist/index.js:145:11\n    at file:///C:/Users/krssa/projects/nalamdesk/node_modules/@vitest/runner/dist/index.js:1243:20\n    at new ZoneAwarePromise (C:\\Users\\krssa\\projects\\nalamdesk\\node_modules\\zone.js\\fesm2015\\zone.js:2702:25)\n    at runWithTimeout (file:///C:/Users/krssa/projects/nalamdesk/node_modules/@vitest/runner/dist/index.js:1209:10)\n    at runHook (file:///C:/Users/krssa/projects/nalamdesk/node_modules/@vitest/runner/dist/index.js:1514:51)\n    at callSuiteHook (file:///C:/Users/krssa/projects/nalamdesk/node_modules/@vitest/runner/dist/index.js:1520:25)"],"location":{"line":56,"column":5},"meta":{}},{"ancestorTitles":["BackupService","performBackup"],"fullName":"BackupService performBackup should perform backup if authenticated and path exists","status":"failed","title":"should perform backup if authenticated and path exists","duration":106.33119999999872,"failureMessages":["AssertionError: expected \"vi.fn()\" to be called with arguments: [ '/path/to/db.db', ΓÇª(1) ]\u001b[90m\n\nNumber of calls: \u001b[1m0\u001b[22m\n\u001b[39m\n    at Proxy.<anonymous> (file:///C:/Users/krssa/projects/nalamdesk/node_modules/@vitest/expect/dist/index.js:1420:10)\n    at Proxy.<anonymous> (file:///C:/Users/krssa/projects/nalamdesk/node_modules/@vitest/expect/dist/index.js:1090:14)\n    at Proxy.methodWrapper (file:///C:/Users/krssa/projects/nalamdesk/node_modules/chai/index.js:1700:25)\n    at C:/Users/krssa/projects/nalamdesk/src/main/services/BackupService.spec.ts:69:49\n    at processTicksAndRejections (node:internal/process/task_queues:95:5)\n    at file:///C:/Users/krssa/projects/nalamdesk/node_modules/@vitest/runner/dist/index.js:915:20","Error: Expected to be running in 'ProxyZone', but it was not found.\n    at Function.assertPresent (C:\\Users\\krssa\\projects\\nalamdesk\\node_modules\\zone.js\\fesm2015\\zone-testing.js:1984:19)\n    at Object.resetFakeAsyncZone (C:\\Users\\krssa\\projects\\nalamdesk\\node_modules\\zone.js\\fesm2015\\zone-testing.js:1652:46)\n    at resetFakeAsyncZoneIfExists (file:///C:/Users/krssa/projects/nalamdesk/node_modules/@angular/core/fesm2022/testing.mjs:409:29)\n    at file:///C:/Users/krssa/projects/nalamdesk/node_modules/@angular/core/fesm2022/testing.mjs:2220:13\n    at file:///C:/Users/krssa/projects/nalamdesk/node_modules/@vitest/runner/dist/index.js:145:11\n    at file:///C:/Users/krssa/projects/nalamdesk/node_modules/@vitest/runner/dist/index.js:1243:20\n    at new ZoneAwarePromise (C:\\Users\\krssa\\projects\\nalamdesk\\node_modules\\zone.js\\fesm2015\\zone.js:2702:25)\n    at runWithTimeout (file:///C:/Users/krssa/projects/nalamdesk/node_modules/@vitest/runner/dist/index.js:1209:10)\n    at runHook (file:///C:/Users/krssa/projects/nalamdesk/node_modules/@vitest/runner/dist/index.js:1514:51)\n    at callSuiteHook (file:///C:/Users/krssa/projects/nalamdesk/node_modules/@vitest/runner/dist/index.js:1520:25)"],"location":{"line":63,"column":9},"meta":{}},{"ancestorTitles":["BackupService","performBackup"],"fullName":"BackupService performBackup should skip if not authenticated","status":"failed","title":"should skip if not authenticated","duration":30.04860000000008,"failureMessages":["Error: Expected to be running in 'ProxyZone', but it was not found.\n    at Function.assertPresent (C:\\Users\\krssa\\projects\\nalamdesk\\node_modules\\zone.js\\fesm2015\\zone-testing.js:1984:19)\n    at Object.resetFakeAsyncZone (C:\\Users\\krssa\\projects\\nalamdesk\\node_modules\\zone.js\\fesm2015\\zone-testing.js:1652:46)\n    at resetFakeAsyncZoneIfExists (file:///C:/Users/krssa/projects/nalamdesk/node_modules/@angular/core/fesm2022/testing.mjs:409:29)\n    at file:///C:/Users/krssa/projects/nalamdesk/node_modules/@angular/core/fesm2022/testing.mjs:2220:13\n    at file:///C:/Users/krssa/projects/nalamdesk/node_modules/@vitest/runner/dist/index.js:145:11\n    at file:///C:/Users/krssa/projects/nalamdesk/node_modules/@vitest/runner/dist/index.js:1243:20\n    at new ZoneAwarePromise (C:\\Users\\krssa\\projects\\nalamdesk\\node_modules\\zone.js\\fesm2015\\zone.js:2702:25)\n    at runWithTimeout (file:///C:/Users/krssa/projects/nalamdesk/node_modules/@vitest/runner/dist/index.js:1209:10)\n    at runHook (file:///C:/Users/krssa/projects/nalamdesk/node_modules/@vitest/runner/dist/index.js:1514:51)\n    at callSuiteHook (file:///C:/Users/krssa/projects/nalamdesk/node_modules/@vitest/runner/dist/index.js:1520:25)"],"location":{"line":72,"column":9},"meta":{}},{"ancestorTitles":["BackupService","performBackup"],"fullName":"BackupService performBackup should skip if db path not found","status":"failed","title":"should skip if db path not found","duration":8.185899999998583,"failureMessages":["Error: Expected to be running in 'ProxyZone', but it was not found.\n    at Function.assertPresent (C:\\Users\\krssa\\projects\\nalamdesk\\node_modules\\zone.js\\fesm2015\\zone-testing.js:1984:19)\n    at Object.resetFakeAsyncZone (C:\\Users\\krssa\\projects\\nalamdesk\\node_modules\\zone.js\\fesm2015\\zone-testing.js:1652:46)\n    at resetFakeAsyncZoneIfExists (file:///C:/Users/krssa/projects/nalamdesk/node_modules/@angular/core/fesm2022/testing.mjs:409:29)\n    at file:///C:/Users/krssa/projects/nalamdesk/node_modules/@angular/core/fesm2022/testing.mjs:2220:13\n    at file:///C:/Users/krssa/projects/nalamdesk/node_modules/@vitest/runner/dist/index.js:145:11\n    at file:///C:/Users/krssa/projects/nalamdesk/node_modules/@vitest/runner/dist/index.js:1243:20\n    at new ZoneAwarePromise (C:\\Users\\krssa\\projects\\nalamdesk\\node_modules\\zone.js\\fesm2015\\zone.js:2702:25)\n    at runWithTimeout (file:///C:/Users/krssa/projects/nalamdesk/node_modules/@vitest/runner/dist/index.js:1209:10)\n    at runHook (file:///C:/Users/krssa/projects/nalamdesk/node_modules/@vitest/runner/dist/index.js:1514:51)\n    at callSuiteHook (file:///C:/Users/krssa/projects/nalamdesk/node_modules/@vitest/runner/dist/index.js:1520:25)"],"location":{"line":78,"column":9},"meta":{}}],"startTime":1769778375892,"endTime":1769778376194.1858,"status":"failed","message":"","name":"C:/Users/krssa/projects/nalamdesk/src/main/services/BackupService.spec.ts"},{"assertionResults":[{"ancestorTitles":["CloudSyncService"],"fullName":"CloudSyncService should onboard successfully and save settings","status":"failed","title":"should onboard successfully and save settings","duration":83.40509999999995,"failureMessages":["Error: Expected to be running in 'ProxyZone', but it was not found.\n    at Function.assertPresent (C:\\Users\\krssa\\projects\\nalamdesk\\node_modules\\zone.js\\fesm2015\\zone-testing.js:1984:19)\n    at Object.resetFakeAsyncZone (C:\\Users\\krssa\\projects\\nalamdesk\\node_modules\\zone.js\\fesm2015\\zone-testing.js:1652:46)\n    at resetFakeAsyncZoneIfExists (file:///C:/Users/krssa/projects/nalamdesk/node_modules/@angular/core/fesm2022/testing.mjs:409:29)\n    at file:///C:/Users/krssa/projects/nalamdesk/node_modules/@angular/core/fesm2022/testing.mjs:2220:13\n    at file:///C:/Users/krssa/projects/nalamdesk/node_modules/@vitest/runner/dist/index.js:145:11\n    at file:///C:/Users/krssa/projects/nalamdesk/node_modules/@vitest/runner/dist/index.js:1243:20\n    at new ZoneAwarePromise (C:\\Users\\krssa\\projects\\nalamdesk\\node_modules\\zone.js\\fesm2015\\zone.js:2702:25)\n    at runWithTimeout (file:///C:/Users/krssa/projects/nalamdesk/node_modules/@vitest/runner/dist/index.js:1209:10)\n    at runHook (file:///C:/Users/krssa/projects/nalamdesk/node_modules/@vitest/runner/dist/index.js:1514:51)\n    at callSuiteHook (file:///C:/Users/krssa/projects/nalamdesk/node_modules/@vitest/runner/dist/index.js:1520:25)"],"location":{"line":40,"column":5},"meta":{}},{"ancestorTitles":["CloudSyncService"],"fullName":"CloudSyncService should handle poll with no settings","status":"failed","title":"should handle poll with no settings","duration":4.272400000001653,"failureMessages":["Error: Expected to be running in 'ProxyZone', but it was not found.\n    at Function.assertPresent (C:\\Users\\krssa\\projects\\nalamdesk\\node_modules\\zone.js\\fesm2015\\zone-testing.js:1984:19)\n    at Object.resetFakeAsyncZone (C:\\Users\\krssa\\projects\\nalamdesk\\node_modules\\zone.js\\fesm2015\\zone-testing.js:1652:46)\n    at resetFakeAsyncZoneIfExists (file:///C:/Users/krssa/projects/nalamdesk/node_modules/@angular/core/fesm2022/testing.mjs:409:29)\n    at file:///C:/Users/krssa/projects/nalamdesk/node_modules/@angular/core/fesm2022/testing.mjs:2220:13\n    at file:///C:/Users/krssa/projects/nalamdesk/node_modules/@vitest/runner/dist/index.js:145:11\n    at file:///C:/Users/krssa/projects/nalamdesk/node_modules/@vitest/runner/dist/index.js:1243:20\n    at new ZoneAwarePromise (C:\\Users\\krssa\\projects\\nalamdesk\\node_modules\\zone.js\\fesm2015\\zone.js:2702:25)\n    at runWithTimeout (file:///C:/Users/krssa/projects/nalamdesk/node_modules/@vitest/runner/dist/index.js:1209:10)\n    at runHook (file:///C:/Users/krssa/projects/nalamdesk/node_modules/@vitest/runner/dist/index.js:1514:51)\n    at callSuiteHook (file:///C:/Users/krssa/projects/nalamdesk/node_modules/@vitest/runner/dist/index.js:1520:25)"],"location":{"line":61,"column":5},"meta":{}},{"ancestorTitles":["CloudSyncService"],"fullName":"CloudSyncService should poll, process appointment request, and ack","status":"failed","title":"should poll, process appointment request, and ack","duration":52.07270000000062,"failureMessages":["Error: Expected to be running in 'ProxyZone', but it was not found.\n    at Function.assertPresent (C:\\Users\\krssa\\projects\\nalamdesk\\node_modules\\zone.js\\fesm2015\\zone-testing.js:1984:19)\n    at Object.resetFakeAsyncZone (C:\\Users\\krssa\\projects\\nalamdesk\\node_modules\\zone.js\\fesm2015\\zone-testing.js:1652:46)\n    at resetFakeAsyncZoneIfExists (file:///C:/Users/krssa/projects/nalamdesk/node_modules/@angular/core/fesm2022/testing.mjs:409:29)\n    at file:///C:/Users/krssa/projects/nalamdesk/node_modules/@angular/core/fesm2022/testing.mjs:2220:13\n    at file:///C:/Users/krssa/projects/nalamdesk/node_modules/@vitest/runner/dist/index.js:145:11\n    at file:///C:/Users/krssa/projects/nalamdesk/node_modules/@vitest/runner/dist/index.js:1243:20\n    at new ZoneAwarePromise (C:\\Users\\krssa\\projects\\nalamdesk\\node_modules\\zone.js\\fesm2015\\zone.js:2702:25)\n    at runWithTimeout (file:///C:/Users/krssa/projects/nalamdesk/node_modules/@vitest/runner/dist/index.js:1209:10)\n    at runHook (file:///C:/Users/krssa/projects/nalamdesk/node_modules/@vitest/runner/dist/index.js:1514:51)\n    at callSuiteHook (file:///C:/Users/krssa/projects/nalamdesk/node_modules/@vitest/runner/dist/index.js:1520:25)"],"location":{"line":67,"column":5},"meta":{}},{"ancestorTitles":["CloudSyncService"],"fullName":"CloudSyncService should handle request save failure but still continue","status":"failed","title":"should handle request save failure but still continue","duration":22.35649999999987,"failureMessages":["Error: Expected to be running in 'ProxyZone', but it was not found.\n    at Function.assertPresent (C:\\Users\\krssa\\projects\\nalamdesk\\node_modules\\zone.js\\fesm2015\\zone-testing.js:1984:19)\n    at Object.resetFakeAsyncZone (C:\\Users\\krssa\\projects\\nalamdesk\\node_modules\\zone.js\\fesm2015\\zone-testing.js:1652:46)\n    at resetFakeAsyncZoneIfExists (file:///C:/Users/krssa/projects/nalamdesk/node_modules/@angular/core/fesm2022/testing.mjs:409:29)\n    at file:///C:/Users/krssa/projects/nalamdesk/node_modules/@angular/core/fesm2022/testing.mjs:2220:13\n    at file:///C:/Users/krssa/projects/nalamdesk/node_modules/@vitest/runner/dist/index.js:145:11\n    at file:///C:/Users/krssa/projects/nalamdesk/node_modules/@vitest/runner/dist/index.js:1243:20\n    at new ZoneAwarePromise (C:\\Users\\krssa\\projects\\nalamdesk\\node_modules\\zone.js\\fesm2015\\zone.js:2702:25)\n    at runWithTimeout (file:///C:/Users/krssa/projects/nalamdesk/node_modules/@vitest/runner/dist/index.js:1209:10)\n    at runHook (file:///C:/Users/krssa/projects/nalamdesk/node_modules/@vitest/runner/dist/index.js:1514:51)\n    at callSuiteHook (file:///C:/Users/krssa/projects/nalamdesk/node_modules/@vitest/runner/dist/index.js:1520:25)"],"location":{"line":127,"column":5},"meta":{}}],"startTime":1769778377361,"endTime":1769778377524.3564,"status":"failed","message":"","name":"C:/Users/krssa/projects/nalamdesk/src/main/services/CloudSyncService.spec.ts"},{"assertionResults":[{"ancestorTitles":["CrashService"],"fullName":"CrashService should register error handlers on instantiation","status":"failed","title":"should register error handlers on instantiation","duration":27.082399999999325,"failureMessages":["Error: Expected to be running in 'ProxyZone', but it was not found.\n    at Function.assertPresent (C:\\Users\\krssa\\projects\\nalamdesk\\node_modules\\zone.js\\fesm2015\\zone-testing.js:1984:19)\n    at Object.resetFakeAsyncZone (C:\\Users\\krssa\\projects\\nalamdesk\\node_modules\\zone.js\\fesm2015\\zone-testing.js:1652:46)\n    at resetFakeAsyncZoneIfExists (file:///C:/Users/krssa/projects/nalamdesk/node_modules/@angular/core/fesm2022/testing.mjs:409:29)\n    at file:///C:/Users/krssa/projects/nalamdesk/node_modules/@angular/core/fesm2022/testing.mjs:2220:13\n    at file:///C:/Users/krssa/projects/nalamdesk/node_modules/@vitest/runner/dist/index.js:145:11\n    at file:///C:/Users/krssa/projects/nalamdesk/node_modules/@vitest/runner/dist/index.js:1243:20\n    at new ZoneAwarePromise (C:\\Users\\krssa\\projects\\nalamdesk\\node_modules\\zone.js\\fesm2015\\zone.js:2702:25)\n    at runWithTimeout (file:///C:/Users/krssa/projects/nalamdesk/node_modules/@vitest/runner/dist/index.js:1209:10)\n    at runHook (file:///C:/Users/krssa/projects/nalamdesk/node_modules/@vitest/runner/dist/index.js:1514:51)\n    at callSuiteHook (file:///C:/Users/krssa/projects/nalamdesk/node_modules/@vitest/runner/dist/index.js:1520:25)"],"location":{"line":47,"column":5},"meta":{}},{"ancestorTitles":["CrashService"],"fullName":"CrashService should use sanitize PII from home directory","status":"failed","title":"should use sanitize PII from home directory","duration":3.9429999999993015,"failureMessages":["Error: Expected to be running in 'ProxyZone', but it was not found.\n    at Function.assertPresent (C:\\Users\\krssa\\projects\\nalamdesk\\node_modules\\zone.js\\fesm2015\\zone-testing.js:1984:19)\n    at Object.resetFakeAsyncZone (C:\\Users\\krssa\\projects\\nalamdesk\\node_modules\\zone.js\\fesm2015\\zone-testing.js:1652:46)\n    at resetFakeAsyncZoneIfExists (file:///C:/Users/krssa/projects/nalamdesk/node_modules/@angular/core/fesm2022/testing.mjs:409:29)\n    at file:///C:/Users/krssa/projects/nalamdesk/node_modules/@angular/core/fesm2022/testing.mjs:2220:13\n    at file:///C:/Users/krssa/projects/nalamdesk/node_modules/@vitest/runner/dist/index.js:145:11\n    at file:///C:/Users/krssa/projects/nalamdesk/node_modules/@vitest/runner/dist/index.js:1243:20\n    at new ZoneAwarePromise (C:\\Users\\krssa\\projects\\nalamdesk\\node_modules\\zone.js\\fesm2015\\zone.js:2702:25)\n    at runWithTimeout (file:///C:/Users/krssa/projects/nalamdesk/node_modules/@vitest/runner/dist/index.js:1209:10)\n    at runHook (file:///C:/Users/krssa/projects/nalamdesk/node_modules/@vitest/runner/dist/index.js:1514:51)\n    at callSuiteHook (file:///C:/Users/krssa/projects/nalamdesk/node_modules/@vitest/runner/dist/index.js:1520:25)"],"location":{"line":56,"column":5},"meta":{}}],"startTime":1769778387219,"endTime":1769778387250.943,"status":"failed","message":"","name":"C:/Users/krssa/projects/nalamdesk/src/main/services/CrashService.spec.ts"},{"assertionResults":[{"ancestorTitles":["DatabaseService","migrate"],"fullName":"DatabaseService migrate should execute schema creation queries","status":"failed","title":"should execute schema creation queries","duration":121.6234999999997,"failureMessages":["Error: Expected to be running in 'ProxyZone', but it was not found.\n    at Function.assertPresent (C:\\Users\\krssa\\projects\\nalamdesk\\node_modules\\zone.js\\fesm2015\\zone-testing.js:1984:19)\n    at Object.resetFakeAsyncZone (C:\\Users\\krssa\\projects\\nalamdesk\\node_modules\\zone.js\\fesm2015\\zone-testing.js:1652:46)\n    at resetFakeAsyncZoneIfExists (file:///C:/Users/krssa/projects/nalamdesk/node_modules/@angular/core/fesm2022/testing.mjs:409:29)\n    at file:///C:/Users/krssa/projects/nalamdesk/node_modules/@angular/core/fesm2022/testing.mjs:2220:13\n    at file:///C:/Users/krssa/projects/nalamdesk/node_modules/@vitest/runner/dist/index.js:145:11\n    at file:///C:/Users/krssa/projects/nalamdesk/node_modules/@vitest/runner/dist/index.js:1243:20\n    at new ZoneAwarePromise (C:\\Users\\krssa\\projects\\nalamdesk\\node_modules\\zone.js\\fesm2015\\zone.js:2702:25)\n    at runWithTimeout (file:///C:/Users/krssa/projects/nalamdesk/node_modules/@vitest/runner/dist/index.js:1209:10)\n    at runHook (file:///C:/Users/krssa/projects/nalamdesk/node_modules/@vitest/runner/dist/index.js:1514:51)\n    at callSuiteHook (file:///C:/Users/krssa/projects/nalamdesk/node_modules/@vitest/runner/dist/index.js:1520:25)"],"location":{"line":36,"column":9},"meta":{}},{"ancestorTitles":["DatabaseService","migrate"],"fullName":"DatabaseService migrate should handle existing column errors gracefully during migration","status":"failed","title":"should handle existing column errors gracefully during migration","duration":33.51100000000042,"failureMessages":["Error: Expected to be running in 'ProxyZone', but it was not found.\n    at Function.assertPresent (C:\\Users\\krssa\\projects\\nalamdesk\\node_modules\\zone.js\\fesm2015\\zone-testing.js:1984:19)\n    at Object.resetFakeAsyncZone (C:\\Users\\krssa\\projects\\nalamdesk\\node_modules\\zone.js\\fesm2015\\zone-testing.js:1652:46)\n    at resetFakeAsyncZoneIfExists (file:///C:/Users/krssa/projects/nalamdesk/node_modules/@angular/core/fesm2022/testing.mjs:409:29)\n    at file:///C:/Users/krssa/projects/nalamdesk/node_modules/@angular/core/fesm2022/testing.mjs:2220:13\n    at file:///C:/Users/krssa/projects/nalamdesk/node_modules/@vitest/runner/dist/index.js:145:11\n    at file:///C:/Users/krssa/projects/nalamdesk/node_modules/@vitest/runner/dist/index.js:1243:20\n    at new ZoneAwarePromise (C:\\Users\\krssa\\projects\\nalamdesk\\node_modules\\zone.js\\fesm2015\\zone.js:2702:25)\n    at runWithTimeout (file:///C:/Users/krssa/projects/nalamdesk/node_modules/@vitest/runner/dist/index.js:1209:10)\n    at runHook (file:///C:/Users/krssa/projects/nalamdesk/node_modules/@vitest/runner/dist/index.js:1514:51)\n    at callSuiteHook (file:///C:/Users/krssa/projects/nalamdesk/node_modules/@vitest/runner/dist/index.js:1520:25)"],"location":{"line":46,"column":9},"meta":{}},{"ancestorTitles":["DatabaseService","User Management"],"fullName":"DatabaseService User Management should save a new user with hashed password","status":"failed","title":"should save a new user with hashed password","duration":91.21020000000135,"failureMessages":["Error: Expected to be running in 'ProxyZone', but it was not found.\n    at Function.assertPresent (C:\\Users\\krssa\\projects\\nalamdesk\\node_modules\\zone.js\\fesm2015\\zone-testing.js:1984:19)\n    at Object.resetFakeAsyncZone (C:\\Users\\krssa\\projects\\nalamdesk\\node_modules\\zone.js\\fesm2015\\zone-testing.js:1652:46)\n    at resetFakeAsyncZoneIfExists (file:///C:/Users/krssa/projects/nalamdesk/node_modules/@angular/core/fesm2022/testing.mjs:409:29)\n    at file:///C:/Users/krssa/projects/nalamdesk/node_modules/@angular/core/fesm2022/testing.mjs:2220:13\n    at file:///C:/Users/krssa/projects/nalamdesk/node_modules/@vitest/runner/dist/index.js:145:11\n    at file:///C:/Users/krssa/projects/nalamdesk/node_modules/@vitest/runner/dist/index.js:1243:20\n    at new ZoneAwarePromise (C:\\Users\\krssa\\projects\\nalamdesk\\node_modules\\zone.js\\fesm2015\\zone.js:2702:25)\n    at runWithTimeout (file:///C:/Users/krssa/projects/nalamdesk/node_modules/@vitest/runner/dist/index.js:1209:10)\n    at runHook (file:///C:/Users/krssa/projects/nalamdesk/node_modules/@vitest/runner/dist/index.js:1514:51)\n    at callSuiteHook (file:///C:/Users/krssa/projects/nalamdesk/node_modules/@vitest/runner/dist/index.js:1520:25)"],"location":{"line":53,"column":9},"meta":{}},{"ancestorTitles":["DatabaseService","User Management"],"fullName":"DatabaseService User Management should update an existing user","status":"failed","title":"should update an existing user","duration":24.91030000000137,"failureMessages":["Error: Expected to be running in 'ProxyZone', but it was not found.\n    at Function.assertPresent (C:\\Users\\krssa\\projects\\nalamdesk\\node_modules\\zone.js\\fesm2015\\zone-testing.js:1984:19)\n    at Object.resetFakeAsyncZone (C:\\Users\\krssa\\projects\\nalamdesk\\node_modules\\zone.js\\fesm2015\\zone-testing.js:1652:46)\n    at resetFakeAsyncZoneIfExists (file:///C:/Users/krssa/projects/nalamdesk/node_modules/@angular/core/fesm2022/testing.mjs:409:29)\n    at file:///C:/Users/krssa/projects/nalamdesk/node_modules/@angular/core/fesm2022/testing.mjs:2220:13\n    at file:///C:/Users/krssa/projects/nalamdesk/node_modules/@vitest/runner/dist/index.js:145:11\n    at file:///C:/Users/krssa/projects/nalamdesk/node_modules/@vitest/runner/dist/index.js:1243:20\n    at new ZoneAwarePromise (C:\\Users\\krssa\\projects\\nalamdesk\\node_modules\\zone.js\\fesm2015\\zone.js:2702:25)\n    at runWithTimeout (file:///C:/Users/krssa/projects/nalamdesk/node_modules/@vitest/runner/dist/index.js:1209:10)\n    at runHook (file:///C:/Users/krssa/projects/nalamdesk/node_modules/@vitest/runner/dist/index.js:1514:51)\n    at callSuiteHook (file:///C:/Users/krssa/projects/nalamdesk/node_modules/@vitest/runner/dist/index.js:1520:25)"],"location":{"line":65,"column":9},"meta":{}},{"ancestorTitles":["DatabaseService","User Management"],"fullName":"DatabaseService User Management should validate user credentials correctly","status":"failed","title":"should validate user credentials correctly","duration":21.97440000000097,"failureMessages":["Error: Expected to be running in 'ProxyZone', but it was not found.\n    at Function.assertPresent (C:\\Users\\krssa\\projects\\nalamdesk\\node_modules\\zone.js\\fesm2015\\zone-testing.js:1984:19)\n    at Object.resetFakeAsyncZone (C:\\Users\\krssa\\projects\\nalamdesk\\node_modules\\zone.js\\fesm2015\\zone-testing.js:1652:46)\n    at resetFakeAsyncZoneIfExists (file:///C:/Users/krssa/projects/nalamdesk/node_modules/@angular/core/fesm2022/testing.mjs:409:29)\n    at file:///C:/Users/krssa/projects/nalamdesk/node_modules/@angular/core/fesm2022/testing.mjs:2220:13\n    at file:///C:/Users/krssa/projects/nalamdesk/node_modules/@vitest/runner/dist/index.js:145:11\n    at file:///C:/Users/krssa/projects/nalamdesk/node_modules/@vitest/runner/dist/index.js:1243:20\n    at new ZoneAwarePromise (C:\\Users\\krssa\\projects\\nalamdesk\\node_modules\\zone.js\\fesm2015\\zone.js:2702:25)\n    at runWithTimeout (file:///C:/Users/krssa/projects/nalamdesk/node_modules/@vitest/runner/dist/index.js:1209:10)\n    at runHook (file:///C:/Users/krssa/projects/nalamdesk/node_modules/@vitest/runner/dist/index.js:1514:51)\n    at callSuiteHook (file:///C:/Users/krssa/projects/nalamdesk/node_modules/@vitest/runner/dist/index.js:1520:25)"],"location":{"line":73,"column":9},"meta":{}},{"ancestorTitles":["DatabaseService","User Management"],"fullName":"DatabaseService User Management should return null for invalid password","status":"failed","title":"should return null for invalid password","duration":12.416800000000876,"failureMessages":["Error: Expected to be running in 'ProxyZone', but it was not found.\n    at Function.assertPresent (C:\\Users\\krssa\\projects\\nalamdesk\\node_modules\\zone.js\\fesm2015\\zone-testing.js:1984:19)\n    at Object.resetFakeAsyncZone (C:\\Users\\krssa\\projects\\nalamdesk\\node_modules\\zone.js\\fesm2015\\zone-testing.js:1652:46)\n    at resetFakeAsyncZoneIfExists (file:///C:/Users/krssa/projects/nalamdesk/node_modules/@angular/core/fesm2022/testing.mjs:409:29)\n    at file:///C:/Users/krssa/projects/nalamdesk/node_modules/@angular/core/fesm2022/testing.mjs:2220:13\n    at file:///C:/Users/krssa/projects/nalamdesk/node_modules/@vitest/runner/dist/index.js:145:11\n    at file:///C:/Users/krssa/projects/nalamdesk/node_modules/@vitest/runner/dist/index.js:1243:20\n    at new ZoneAwarePromise (C:\\Users\\krssa\\projects\\nalamdesk\\node_modules\\zone.js\\fesm2015\\zone.js:2702:25)\n    at runWithTimeout (file:///C:/Users/krssa/projects/nalamdesk/node_modules/@vitest/runner/dist/index.js:1209:10)\n    at runHook (file:///C:/Users/krssa/projects/nalamdesk/node_modules/@vitest/runner/dist/index.js:1514:51)\n    at callSuiteHook (file:///C:/Users/krssa/projects/nalamdesk/node_modules/@vitest/runner/dist/index.js:1520:25)"],"location":{"line":87,"column":9},"meta":{}},{"ancestorTitles":["DatabaseService","User Management"],"fullName":"DatabaseService User Management should return null for inactive user","status":"failed","title":"should return null for inactive user","duration":6.1150999999990745,"failureMessages":["Error: Expected to be running in 'ProxyZone', but it was not found.\n    at Function.assertPresent (C:\\Users\\krssa\\projects\\nalamdesk\\node_modules\\zone.js\\fesm2015\\zone-testing.js:1984:19)\n    at Object.resetFakeAsyncZone (C:\\Users\\krssa\\projects\\nalamdesk\\node_modules\\zone.js\\fesm2015\\zone-testing.js:1652:46)\n    at resetFakeAsyncZoneIfExists (file:///C:/Users/krssa/projects/nalamdesk/node_modules/@angular/core/fesm2022/testing.mjs:409:29)\n    at file:///C:/Users/krssa/projects/nalamdesk/node_modules/@angular/core/fesm2022/testing.mjs:2220:13\n    at file:///C:/Users/krssa/projects/nalamdesk/node_modules/@vitest/runner/dist/index.js:145:11\n    at file:///C:/Users/krssa/projects/nalamdesk/node_modules/@vitest/runner/dist/index.js:1243:20\n    at new ZoneAwarePromise (C:\\Users\\krssa\\projects\\nalamdesk\\node_modules\\zone.js\\fesm2015\\zone.js:2702:25)\n    at runWithTimeout (file:///C:/Users/krssa/projects/nalamdesk/node_modules/@vitest/runner/dist/index.js:1209:10)\n    at runHook (file:///C:/Users/krssa/projects/nalamdesk/node_modules/@vitest/runner/dist/index.js:1514:51)\n    at callSuiteHook (file:///C:/Users/krssa/projects/nalamdesk/node_modules/@vitest/runner/dist/index.js:1520:25)"],"location":{"line":100,"column":9},"meta":{}},{"ancestorTitles":["DatabaseService","Patient Management"],"fullName":"DatabaseService Patient Management should save a new patient with UUID","status":"failed","title":"should save a new patient with UUID","duration":27.200399999999718,"failureMessages":["Error: Expected to be running in 'ProxyZone', but it was not found.\n    at Function.assertPresent (C:\\Users\\krssa\\projects\\nalamdesk\\node_modules\\zone.js\\fesm2015\\zone-testing.js:1984:19)\n    at Object.resetFakeAsyncZone (C:\\Users\\krssa\\projects\\nalamdesk\\node_modules\\zone.js\\fesm2015\\zone-testing.js:1652:46)\n    at resetFakeAsyncZoneIfExists (file:///C:/Users/krssa/projects/nalamdesk/node_modules/@angular/core/fesm2022/testing.mjs:409:29)\n    at file:///C:/Users/krssa/projects/nalamdesk/node_modules/@angular/core/fesm2022/testing.mjs:2220:13\n    at file:///C:/Users/krssa/projects/nalamdesk/node_modules/@vitest/runner/dist/index.js:145:11\n    at file:///C:/Users/krssa/projects/nalamdesk/node_modules/@vitest/runner/dist/index.js:1243:20\n    at new ZoneAwarePromise (C:\\Users\\krssa\\projects\\nalamdesk\\node_modules\\zone.js\\fesm2015\\zone.js:2702:25)\n    at runWithTimeout (file:///C:/Users/krssa/projects/nalamdesk/node_modules/@vitest/runner/dist/index.js:1209:10)\n    at runHook (file:///C:/Users/krssa/projects/nalamdesk/node_modules/@vitest/runner/dist/index.js:1514:51)\n    at callSuiteHook (file:///C:/Users/krssa/projects/nalamdesk/node_modules/@vitest/runner/dist/index.js:1520:25)"],"location":{"line":111,"column":9},"meta":{}},{"ancestorTitles":["DatabaseService","Patient Management"],"fullName":"DatabaseService Patient Management should search patients","status":"failed","title":"should search patients","duration":19.98110000000088,"failureMessages":["Error: Expected to be running in 'ProxyZone', but it was not found.\n    at Function.assertPresent (C:\\Users\\krssa\\projects\\nalamdesk\\node_modules\\zone.js\\fesm2015\\zone-testing.js:1984:19)\n    at Object.resetFakeAsyncZone (C:\\Users\\krssa\\projects\\nalamdesk\\node_modules\\zone.js\\fesm2015\\zone-testing.js:1652:46)\n    at resetFakeAsyncZoneIfExists (file:///C:/Users/krssa/projects/nalamdesk/node_modules/@angular/core/fesm2022/testing.mjs:409:29)\n    at file:///C:/Users/krssa/projects/nalamdesk/node_modules/@angular/core/fesm2022/testing.mjs:2220:13\n    at file:///C:/Users/krssa/projects/nalamdesk/node_modules/@vitest/runner/dist/index.js:145:11\n    at file:///C:/Users/krssa/projects/nalamdesk/node_modules/@vitest/runner/dist/index.js:1243:20\n    at new ZoneAwarePromise (C:\\Users\\krssa\\projects\\nalamdesk\\node_modules\\zone.js\\fesm2015\\zone.js:2702:25)\n    at runWithTimeout (file:///C:/Users/krssa/projects/nalamdesk/node_modules/@vitest/runner/dist/index.js:1209:10)\n    at runHook (file:///C:/Users/krssa/projects/nalamdesk/node_modules/@vitest/runner/dist/index.js:1514:51)\n    at callSuiteHook (file:///C:/Users/krssa/projects/nalamdesk/node_modules/@vitest/runner/dist/index.js:1520:25)"],"location":{"line":125,"column":9},"meta":{}},{"ancestorTitles":["DatabaseService","Queue Management"],"fullName":"DatabaseService Queue Management should add patient to queue","status":"failed","title":"should add patient to queue","duration":15.709500000000844,"failureMessages":["Error: Expected to be running in 'ProxyZone', but it was not found.\n    at Function.assertPresent (C:\\Users\\krssa\\projects\\nalamdesk\\node_modules\\zone.js\\fesm2015\\zone-testing.js:1984:19)\n    at Object.resetFakeAsyncZone (C:\\Users\\krssa\\projects\\nalamdesk\\node_modules\\zone.js\\fesm2015\\zone-testing.js:1652:46)\n    at resetFakeAsyncZoneIfExists (file:///C:/Users/krssa/projects/nalamdesk/node_modules/@angular/core/fesm2022/testing.mjs:409:29)\n    at file:///C:/Users/krssa/projects/nalamdesk/node_modules/@angular/core/fesm2022/testing.mjs:2220:13\n    at file:///C:/Users/krssa/projects/nalamdesk/node_modules/@vitest/runner/dist/index.js:145:11\n    at file:///C:/Users/krssa/projects/nalamdesk/node_modules/@vitest/runner/dist/index.js:1243:20\n    at new ZoneAwarePromise (C:\\Users\\krssa\\projects\\nalamdesk\\node_modules\\zone.js\\fesm2015\\zone.js:2702:25)\n    at runWithTimeout (file:///C:/Users/krssa/projects/nalamdesk/node_modules/@vitest/runner/dist/index.js:1209:10)\n    at runHook (file:///C:/Users/krssa/projects/nalamdesk/node_modules/@vitest/runner/dist/index.js:1514:51)\n    at callSuiteHook (file:///C:/Users/krssa/projects/nalamdesk/node_modules/@vitest/runner/dist/index.js:1520:25)"],"location":{"line":133,"column":9},"meta":{}},{"ancestorTitles":["DatabaseService","Queue Management"],"fullName":"DatabaseService Queue Management should throw if patient already in queue","status":"failed","title":"should throw if patient already in queue","duration":13.657400000000052,"failureMessages":["Error: Expected to be running in 'ProxyZone', but it was not found.\n    at Function.assertPresent (C:\\Users\\krssa\\projects\\nalamdesk\\node_modules\\zone.js\\fesm2015\\zone-testing.js:1984:19)\n    at Object.resetFakeAsyncZone (C:\\Users\\krssa\\projects\\nalamdesk\\node_modules\\zone.js\\fesm2015\\zone-testing.js:1652:46)\n    at resetFakeAsyncZoneIfExists (file:///C:/Users/krssa/projects/nalamdesk/node_modules/@angular/core/fesm2022/testing.mjs:409:29)\n    at file:///C:/Users/krssa/projects/nalamdesk/node_modules/@angular/core/fesm2022/testing.mjs:2220:13\n    at file:///C:/Users/krssa/projects/nalamdesk/node_modules/@vitest/runner/dist/index.js:145:11\n    at file:///C:/Users/krssa/projects/nalamdesk/node_modules/@vitest/runner/dist/index.js:1243:20\n    at new ZoneAwarePromise (C:\\Users\\krssa\\projects\\nalamdesk\\node_modules\\zone.js\\fesm2015\\zone.js:2702:25)\n    at runWithTimeout (file:///C:/Users/krssa/projects/nalamdesk/node_modules/@vitest/runner/dist/index.js:1209:10)\n    at runHook (file:///C:/Users/krssa/projects/nalamdesk/node_modules/@vitest/runner/dist/index.js:1514:51)\n    at callSuiteHook (file:///C:/Users/krssa/projects/nalamdesk/node_modules/@vitest/runner/dist/index.js:1520:25)"],"location":{"line":141,"column":9},"meta":{}},{"ancestorTitles":["DatabaseService","Queue Management"],"fullName":"DatabaseService Queue Management should log audit when updating queue status","status":"failed","title":"should log audit when updating queue status","duration":5.518200000000434,"failureMessages":["Error: Expected to be running in 'ProxyZone', but it was not found.\n    at Function.assertPresent (C:\\Users\\krssa\\projects\\nalamdesk\\node_modules\\zone.js\\fesm2015\\zone-testing.js:1984:19)\n    at Object.resetFakeAsyncZone (C:\\Users\\krssa\\projects\\nalamdesk\\node_modules\\zone.js\\fesm2015\\zone-testing.js:1652:46)\n    at resetFakeAsyncZoneIfExists (file:///C:/Users/krssa/projects/nalamdesk/node_modules/@angular/core/fesm2022/testing.mjs:409:29)\n    at file:///C:/Users/krssa/projects/nalamdesk/node_modules/@angular/core/fesm2022/testing.mjs:2220:13\n    at file:///C:/Users/krssa/projects/nalamdesk/node_modules/@vitest/runner/dist/index.js:145:11\n    at file:///C:/Users/krssa/projects/nalamdesk/node_modules/@vitest/runner/dist/index.js:1243:20\n    at new ZoneAwarePromise (C:\\Users\\krssa\\projects\\nalamdesk\\node_modules\\zone.js\\fesm2015\\zone.js:2702:25)\n    at runWithTimeout (file:///C:/Users/krssa/projects/nalamdesk/node_modules/@vitest/runner/dist/index.js:1209:10)\n    at runHook (file:///C:/Users/krssa/projects/nalamdesk/node_modules/@vitest/runner/dist/index.js:1514:51)\n    at callSuiteHook (file:///C:/Users/krssa/projects/nalamdesk/node_modules/@vitest/runner/dist/index.js:1520:25)"],"location":{"line":146,"column":9},"meta":{}},{"ancestorTitles":["DatabaseService","RBAC"],"fullName":"DatabaseService RBAC should get permissions for a role","status":"failed","title":"should get permissions for a role","duration":11.96310000000085,"failureMessages":["Error: Expected to be running in 'ProxyZone', but it was not found.\n    at Function.assertPresent (C:\\Users\\krssa\\projects\\nalamdesk\\node_modules\\zone.js\\fesm2015\\zone-testing.js:1984:19)\n    at Object.resetFakeAsyncZone (C:\\Users\\krssa\\projects\\nalamdesk\\node_modules\\zone.js\\fesm2015\\zone-testing.js:1652:46)\n    at resetFakeAsyncZoneIfExists (file:///C:/Users/krssa/projects/nalamdesk/node_modules/@angular/core/fesm2022/testing.mjs:409:29)\n    at file:///C:/Users/krssa/projects/nalamdesk/node_modules/@angular/core/fesm2022/testing.mjs:2220:13\n    at file:///C:/Users/krssa/projects/nalamdesk/node_modules/@vitest/runner/dist/index.js:145:11\n    at file:///C:/Users/krssa/projects/nalamdesk/node_modules/@vitest/runner/dist/index.js:1243:20\n    at new ZoneAwarePromise (C:\\Users\\krssa\\projects\\nalamdesk\\node_modules\\zone.js\\fesm2015\\zone.js:2702:25)\n    at runWithTimeout (file:///C:/Users/krssa/projects/nalamdesk/node_modules/@vitest/runner/dist/index.js:1209:10)\n    at runHook (file:///C:/Users/krssa/projects/nalamdesk/node_modules/@vitest/runner/dist/index.js:1514:51)\n    at callSuiteHook (file:///C:/Users/krssa/projects/nalamdesk/node_modules/@vitest/runner/dist/index.js:1520:25)"],"location":{"line":153,"column":9},"meta":{}},{"ancestorTitles":["DatabaseService","RBAC"],"fullName":"DatabaseService RBAC should return empty array if role not found","status":"failed","title":"should return empty array if role not found","duration":8.234300000000076,"failureMessages":["Error: Expected to be running in 'ProxyZone', but it was not found.\n    at Function.assertPresent (C:\\Users\\krssa\\projects\\nalamdesk\\node_modules\\zone.js\\fesm2015\\zone-testing.js:1984:19)\n    at Object.resetFakeAsyncZone (C:\\Users\\krssa\\projects\\nalamdesk\\node_modules\\zone.js\\fesm2015\\zone-testing.js:1652:46)\n    at resetFakeAsyncZoneIfExists (file:///C:/Users/krssa/projects/nalamdesk/node_modules/@angular/core/fesm2022/testing.mjs:409:29)\n    at file:///C:/Users/krssa/projects/nalamdesk/node_modules/@angular/core/fesm2022/testing.mjs:2220:13\n    at file:///C:/Users/krssa/projects/nalamdesk/node_modules/@vitest/runner/dist/index.js:145:11\n    at file:///C:/Users/krssa/projects/nalamdesk/node_modules/@vitest/runner/dist/index.js:1243:20\n    at new ZoneAwarePromise (C:\\Users\\krssa\\projects\\nalamdesk\\node_modules\\zone.js\\fesm2015\\zone.js:2702:25)\n    at runWithTimeout (file:///C:/Users/krssa/projects/nalamdesk/node_modules/@vitest/runner/dist/index.js:1209:10)\n    at runHook (file:///C:/Users/krssa/projects/nalamdesk/node_modules/@vitest/runner/dist/index.js:1514:51)\n    at callSuiteHook (file:///C:/Users/krssa/projects/nalamdesk/node_modules/@vitest/runner/dist/index.js:1520:25)"],"location":{"line":162,"column":9},"meta":{}},{"ancestorTitles":["DatabaseService","RBAC"],"fullName":"DatabaseService RBAC should save a role with permissions","status":"failed","title":"should save a role with permissions","duration":12.211100000000442,"failureMessages":["Error: Expected to be running in 'ProxyZone', but it was not found.\n    at Function.assertPresent (C:\\Users\\krssa\\projects\\nalamdesk\\node_modules\\zone.js\\fesm2015\\zone-testing.js:1984:19)\n    at Object.resetFakeAsyncZone (C:\\Users\\krssa\\projects\\nalamdesk\\node_modules\\zone.js\\fesm2015\\zone-testing.js:1652:46)\n    at resetFakeAsyncZoneIfExists (file:///C:/Users/krssa/projects/nalamdesk/node_modules/@angular/core/fesm2022/testing.mjs:409:29)\n    at file:///C:/Users/krssa/projects/nalamdesk/node_modules/@angular/core/fesm2022/testing.mjs:2220:13\n    at file:///C:/Users/krssa/projects/nalamdesk/node_modules/@vitest/runner/dist/index.js:145:11\n    at file:///C:/Users/krssa/projects/nalamdesk/node_modules/@vitest/runner/dist/index.js:1243:20\n    at new ZoneAwarePromise (C:\\Users\\krssa\\projects\\nalamdesk\\node_modules\\zone.js\\fesm2015\\zone.js:2702:25)\n    at runWithTimeout (file:///C:/Users/krssa/projects/nalamdesk/node_modules/@vitest/runner/dist/index.js:1209:10)\n    at runHook (file:///C:/Users/krssa/projects/nalamdesk/node_modules/@vitest/runner/dist/index.js:1514:51)\n    at callSuiteHook (file:///C:/Users/krssa/projects/nalamdesk/node_modules/@vitest/runner/dist/index.js:1520:25)"],"location":{"line":168,"column":9},"meta":{}}],"startTime":1769778376769,"endTime":1769778377209.2112,"status":"failed","message":"","name":"C:/Users/krssa/projects/nalamdesk/src/main/services/DatabaseService.spec.ts"},{"assertionResults":[{"ancestorTitles":["SecurityService","deriveKey"],"fullName":"SecurityService deriveKey should derive a 32-byte key using argon2id","status":"failed","title":"should derive a 32-byte key using argon2id","duration":171.73979999999938,"failureMessages":["Error: Expected to be running in 'ProxyZone', but it was not found.\n    at Function.assertPresent (C:\\Users\\krssa\\projects\\nalamdesk\\node_modules\\zone.js\\fesm2015\\zone-testing.js:1984:19)\n    at Object.resetFakeAsyncZone (C:\\Users\\krssa\\projects\\nalamdesk\\node_modules\\zone.js\\fesm2015\\zone-testing.js:1652:46)\n    at resetFakeAsyncZoneIfExists (file:///C:/Users/krssa/projects/nalamdesk/node_modules/@angular/core/fesm2022/testing.mjs:409:29)\n    at file:///C:/Users/krssa/projects/nalamdesk/node_modules/@angular/core/fesm2022/testing.mjs:2220:13\n    at file:///C:/Users/krssa/projects/nalamdesk/node_modules/@vitest/runner/dist/index.js:145:11\n    at file:///C:/Users/krssa/projects/nalamdesk/node_modules/@vitest/runner/dist/index.js:1243:20\n    at new ZoneAwarePromise (C:\\Users\\krssa\\projects\\nalamdesk\\node_modules\\zone.js\\fesm2015\\zone.js:2702:25)\n    at runWithTimeout (file:///C:/Users/krssa/projects/nalamdesk/node_modules/@vitest/runner/dist/index.js:1209:10)\n    at runHook (file:///C:/Users/krssa/projects/nalamdesk/node_modules/@vitest/runner/dist/index.js:1514:51)\n    at callSuiteHook (file:///C:/Users/krssa/projects/nalamdesk/node_modules/@vitest/runner/dist/index.js:1520:25)"],"location":{"line":49,"column":9},"meta":{}},{"ancestorTitles":["SecurityService","deriveKey"],"fullName":"SecurityService deriveKey should propagate errors from argon2","status":"failed","title":"should propagate errors from argon2","duration":33.0653999999995,"failureMessages":["Error: Expected to be running in 'ProxyZone', but it was not found.\n    at Function.assertPresent (C:\\Users\\krssa\\projects\\nalamdesk\\node_modules\\zone.js\\fesm2015\\zone-testing.js:1984:19)\n    at Object.resetFakeAsyncZone (C:\\Users\\krssa\\projects\\nalamdesk\\node_modules\\zone.js\\fesm2015\\zone-testing.js:1652:46)\n    at resetFakeAsyncZoneIfExists (file:///C:/Users/krssa/projects/nalamdesk/node_modules/@angular/core/fesm2022/testing.mjs:409:29)\n    at file:///C:/Users/krssa/projects/nalamdesk/node_modules/@angular/core/fesm2022/testing.mjs:2220:13\n    at file:///C:/Users/krssa/projects/nalamdesk/node_modules/@vitest/runner/dist/index.js:145:11\n    at file:///C:/Users/krssa/projects/nalamdesk/node_modules/@vitest/runner/dist/index.js:1243:20\n    at new ZoneAwarePromise (C:\\Users\\krssa\\projects\\nalamdesk\\node_modules\\zone.js\\fesm2015\\zone.js:2702:25)\n    at runWithTimeout (file:///C:/Users/krssa/projects/nalamdesk/node_modules/@vitest/runner/dist/index.js:1209:10)\n    at runHook (file:///C:/Users/krssa/projects/nalamdesk/node_modules/@vitest/runner/dist/index.js:1514:51)\n    at callSuiteHook (file:///C:/Users/krssa/projects/nalamdesk/node_modules/@vitest/runner/dist/index.js:1520:25)"],"location":{"line":62,"column":9},"meta":{}},{"ancestorTitles":["SecurityService","initDb"],"fullName":"SecurityService initDb should initialize database with correct pragma key","status":"failed","title":"should initialize database with correct pragma key","duration":15.086100000000442,"failureMessages":["Error: Expected to be running in 'ProxyZone', but it was not found.\n    at Function.assertPresent (C:\\Users\\krssa\\projects\\nalamdesk\\node_modules\\zone.js\\fesm2015\\zone-testing.js:1984:19)\n    at Object.resetFakeAsyncZone (C:\\Users\\krssa\\projects\\nalamdesk\\node_modules\\zone.js\\fesm2015\\zone-testing.js:1652:46)\n    at resetFakeAsyncZoneIfExists (file:///C:/Users/krssa/projects/nalamdesk/node_modules/@angular/core/fesm2022/testing.mjs:409:29)\n    at file:///C:/Users/krssa/projects/nalamdesk/node_modules/@angular/core/fesm2022/testing.mjs:2220:13\n    at file:///C:/Users/krssa/projects/nalamdesk/node_modules/@vitest/runner/dist/index.js:145:11\n    at file:///C:/Users/krssa/projects/nalamdesk/node_modules/@vitest/runner/dist/index.js:1243:20\n    at new ZoneAwarePromise (C:\\Users\\krssa\\projects\\nalamdesk\\node_modules\\zone.js\\fesm2015\\zone.js:2702:25)\n    at runWithTimeout (file:///C:/Users/krssa/projects/nalamdesk/node_modules/@vitest/runner/dist/index.js:1209:10)\n    at runHook (file:///C:/Users/krssa/projects/nalamdesk/node_modules/@vitest/runner/dist/index.js:1514:51)\n    at callSuiteHook (file:///C:/Users/krssa/projects/nalamdesk/node_modules/@vitest/runner/dist/index.js:1520:25)"],"location":{"line":72,"column":9},"meta":{}},{"ancestorTitles":["SecurityService","initDb"],"fullName":"SecurityService initDb should throw INVALID_PASSWORD on sqlite error \"file is not a database\"","status":"failed","title":"should throw INVALID_PASSWORD on sqlite error \"file is not a database\"","duration":23.58139999999912,"failureMessages":["Error: Expected to be running in 'ProxyZone', but it was not found.\n    at Function.assertPresent (C:\\Users\\krssa\\projects\\nalamdesk\\node_modules\\zone.js\\fesm2015\\zone-testing.js:1984:19)\n    at Object.resetFakeAsyncZone (C:\\Users\\krssa\\projects\\nalamdesk\\node_modules\\zone.js\\fesm2015\\zone-testing.js:1652:46)\n    at resetFakeAsyncZoneIfExists (file:///C:/Users/krssa/projects/nalamdesk/node_modules/@angular/core/fesm2022/testing.mjs:409:29)\n    at file:///C:/Users/krssa/projects/nalamdesk/node_modules/@angular/core/fesm2022/testing.mjs:2220:13\n    at file:///C:/Users/krssa/projects/nalamdesk/node_modules/@vitest/runner/dist/index.js:145:11\n    at file:///C:/Users/krssa/projects/nalamdesk/node_modules/@vitest/runner/dist/index.js:1243:20\n    at new ZoneAwarePromise (C:\\Users\\krssa\\projects\\nalamdesk\\node_modules\\zone.js\\fesm2015\\zone.js:2702:25)\n    at runWithTimeout (file:///C:/Users/krssa/projects/nalamdesk/node_modules/@vitest/runner/dist/index.js:1209:10)\n    at runHook (file:///C:/Users/krssa/projects/nalamdesk/node_modules/@vitest/runner/dist/index.js:1514:51)\n    at callSuiteHook (file:///C:/Users/krssa/projects/nalamdesk/node_modules/@vitest/runner/dist/index.js:1520:25)"],"location":{"line":80,"column":9},"meta":{}},{"ancestorTitles":["SecurityService","initDb"],"fullName":"SecurityService initDb should rethrow other errors","status":"failed","title":"should rethrow other errors","duration":11.648699999999735,"failureMessages":["Error: Expected to be running in 'ProxyZone', but it was not found.\n    at Function.assertPresent (C:\\Users\\krssa\\projects\\nalamdesk\\node_modules\\zone.js\\fesm2015\\zone-testing.js:1984:19)\n    at Object.resetFakeAsyncZone (C:\\Users\\krssa\\projects\\nalamdesk\\node_modules\\zone.js\\fesm2015\\zone-testing.js:1652:46)\n    at resetFakeAsyncZoneIfExists (file:///C:/Users/krssa/projects/nalamdesk/node_modules/@angular/core/fesm2022/testing.mjs:409:29)\n    at file:///C:/Users/krssa/projects/nalamdesk/node_modules/@angular/core/fesm2022/testing.mjs:2220:13\n    at file:///C:/Users/krssa/projects/nalamdesk/node_modules/@vitest/runner/dist/index.js:145:11\n    at file:///C:/Users/krssa/projects/nalamdesk/node_modules/@vitest/runner/dist/index.js:1243:20\n    at new ZoneAwarePromise (C:\\Users\\krssa\\projects\\nalamdesk\\node_modules\\zone.js\\fesm2015\\zone.js:2702:25)\n    at runWithTimeout (file:///C:/Users/krssa/projects/nalamdesk/node_modules/@vitest/runner/dist/index.js:1209:10)\n    at runHook (file:///C:/Users/krssa/projects/nalamdesk/node_modules/@vitest/runner/dist/index.js:1514:51)\n    at callSuiteHook (file:///C:/Users/krssa/projects/nalamdesk/node_modules/@vitest/runner/dist/index.js:1520:25)"],"location":{"line":88,"column":9},"meta":{}},{"ancestorTitles":["SecurityService","closeDb"],"fullName":"SecurityService closeDb should close the database if open","status":"failed","title":"should close the database if open","duration":13.414099999999962,"failureMessages":["Error: Expected to be running in 'ProxyZone', but it was not found.\n    at Function.assertPresent (C:\\Users\\krssa\\projects\\nalamdesk\\node_modules\\zone.js\\fesm2015\\zone-testing.js:1984:19)\n    at Object.resetFakeAsyncZone (C:\\Users\\krssa\\projects\\nalamdesk\\node_modules\\zone.js\\fesm2015\\zone-testing.js:1652:46)\n    at resetFakeAsyncZoneIfExists (file:///C:/Users/krssa/projects/nalamdesk/node_modules/@angular/core/fesm2022/testing.mjs:409:29)\n    at file:///C:/Users/krssa/projects/nalamdesk/node_modules/@angular/core/fesm2022/testing.mjs:2220:13\n    at file:///C:/Users/krssa/projects/nalamdesk/node_modules/@vitest/runner/dist/index.js:145:11\n    at file:///C:/Users/krssa/projects/nalamdesk/node_modules/@vitest/runner/dist/index.js:1243:20\n    at new ZoneAwarePromise (C:\\Users\\krssa\\projects\\nalamdesk\\node_modules\\zone.js\\fesm2015\\zone.js:2702:25)\n    at runWithTimeout (file:///C:/Users/krssa/projects/nalamdesk/node_modules/@vitest/runner/dist/index.js:1209:10)\n    at runHook (file:///C:/Users/krssa/projects/nalamdesk/node_modules/@vitest/runner/dist/index.js:1514:51)\n    at callSuiteHook (file:///C:/Users/krssa/projects/nalamdesk/node_modules/@vitest/runner/dist/index.js:1520:25)"],"location":{"line":95,"column":9},"meta":{}},{"ancestorTitles":["SecurityService","closeDb"],"fullName":"SecurityService closeDb should do nothing if db is not open","status":"failed","title":"should do nothing if db is not open","duration":8.419200000000274,"failureMessages":["Error: Expected to be running in 'ProxyZone', but it was not found.\n    at Function.assertPresent (C:\\Users\\krssa\\projects\\nalamdesk\\node_modules\\zone.js\\fesm2015\\zone-testing.js:1984:19)\n    at Object.resetFakeAsyncZone (C:\\Users\\krssa\\projects\\nalamdesk\\node_modules\\zone.js\\fesm2015\\zone-testing.js:1652:46)\n    at resetFakeAsyncZoneIfExists (file:///C:/Users/krssa/projects/nalamdesk/node_modules/@angular/core/fesm2022/testing.mjs:409:29)\n    at file:///C:/Users/krssa/projects/nalamdesk/node_modules/@angular/core/fesm2022/testing.mjs:2220:13\n    at file:///C:/Users/krssa/projects/nalamdesk/node_modules/@vitest/runner/dist/index.js:145:11\n    at file:///C:/Users/krssa/projects/nalamdesk/node_modules/@vitest/runner/dist/index.js:1243:20\n    at new ZoneAwarePromise (C:\\Users\\krssa\\projects\\nalamdesk\\node_modules\\zone.js\\fesm2015\\zone.js:2702:25)\n    at runWithTimeout (file:///C:/Users/krssa/projects/nalamdesk/node_modules/@vitest/runner/dist/index.js:1209:10)\n    at runHook (file:///C:/Users/krssa/projects/nalamdesk/node_modules/@vitest/runner/dist/index.js:1514:51)\n    at callSuiteHook (file:///C:/Users/krssa/projects/nalamdesk/node_modules/@vitest/runner/dist/index.js:1520:25)"],"location":{"line":102,"column":9},"meta":{}}],"startTime":1769778376037,"endTime":1769778376332.4192,"status":"failed","message":"","name":"C:/Users/krssa/projects/nalamdesk/src/main/services/SecurityService.spec.ts"},{"assertionResults":[{"ancestorTitles":["SessionService"],"fullName":"SessionService should start with no user","status":"failed","title":"should start with no user","duration":19.01169999999911,"failureMessages":["Error: Expected to be running in 'ProxyZone', but it was not found.\n    at Function.assertPresent (C:\\Users\\krssa\\projects\\nalamdesk\\node_modules\\zone.js\\fesm2015\\zone-testing.js:1984:19)\n    at Object.resetFakeAsyncZone (C:\\Users\\krssa\\projects\\nalamdesk\\node_modules\\zone.js\\fesm2015\\zone-testing.js:1652:46)\n    at resetFakeAsyncZoneIfExists (file:///C:/Users/krssa/projects/nalamdesk/node_modules/@angular/core/fesm2022/testing.mjs:409:29)\n    at file:///C:/Users/krssa/projects/nalamdesk/node_modules/@angular/core/fesm2022/testing.mjs:2220:13\n    at file:///C:/Users/krssa/projects/nalamdesk/node_modules/@vitest/runner/dist/index.js:145:11\n    at file:///C:/Users/krssa/projects/nalamdesk/node_modules/@vitest/runner/dist/index.js:1243:20\n    at new ZoneAwarePromise (C:\\Users\\krssa\\projects\\nalamdesk\\node_modules\\zone.js\\fesm2015\\zone.js:2702:25)\n    at runWithTimeout (file:///C:/Users/krssa/projects/nalamdesk/node_modules/@vitest/runner/dist/index.js:1209:10)\n    at runHook (file:///C:/Users/krssa/projects/nalamdesk/node_modules/@vitest/runner/dist/index.js:1514:51)\n    at callSuiteHook (file:///C:/Users/krssa/projects/nalamdesk/node_modules/@vitest/runner/dist/index.js:1520:25)"],"location":{"line":11,"column":5},"meta":{}},{"ancestorTitles":["SessionService"],"fullName":"SessionService should set and get user","status":"failed","title":"should set and get user","duration":21.394900000001144,"failureMessages":["AssertionError: expected { id: 1, username: 'test', ΓÇª(3) } to deeply equal { id: 1, username: 'test', ΓÇª(2) }\n    at C:/Users/krssa/projects/nalamdesk/src/main/services/SessionService.spec.ts:24:35\n    at file:///C:/Users/krssa/projects/nalamdesk/node_modules/@vitest/runner/dist/index.js:145:11\n    at file:///C:/Users/krssa/projects/nalamdesk/node_modules/@vitest/runner/dist/index.js:915:26\n    at file:///C:/Users/krssa/projects/nalamdesk/node_modules/@vitest/runner/dist/index.js:1243:20\n    at new ZoneAwarePromise (C:\\Users\\krssa\\projects\\nalamdesk\\node_modules\\zone.js\\fesm2015\\zone.js:2702:25)\n    at runWithTimeout (file:///C:/Users/krssa/projects/nalamdesk/node_modules/@vitest/runner/dist/index.js:1209:10)\n    at file:///C:/Users/krssa/projects/nalamdesk/node_modules/@vitest/runner/dist/index.js:1653:37\n    at Traces.$ (file:///C:/Users/krssa/projects/nalamdesk/node_modules/vitest/dist/chunks/traces.CCmnQaNT.js:142:27)\n    at trace (file:///C:/Users/krssa/projects/nalamdesk/node_modules/vitest/dist/chunks/test.B8ej_ZHS.js:239:21)\n    at runTest (file:///C:/Users/krssa/projects/nalamdesk/node_modules/@vitest/runner/dist/index.js:1653:12)","Error: Expected to be running in 'ProxyZone', but it was not found.\n    at Function.assertPresent (C:\\Users\\krssa\\projects\\nalamdesk\\node_modules\\zone.js\\fesm2015\\zone-testing.js:1984:19)\n    at Object.resetFakeAsyncZone (C:\\Users\\krssa\\projects\\nalamdesk\\node_modules\\zone.js\\fesm2015\\zone-testing.js:1652:46)\n    at resetFakeAsyncZoneIfExists (file:///C:/Users/krssa/projects/nalamdesk/node_modules/@angular/core/fesm2022/testing.mjs:409:29)\n    at file:///C:/Users/krssa/projects/nalamdesk/node_modules/@angular/core/fesm2022/testing.mjs:2220:13\n    at file:///C:/Users/krssa/projects/nalamdesk/node_modules/@vitest/runner/dist/index.js:145:11\n    at file:///C:/Users/krssa/projects/nalamdesk/node_modules/@vitest/runner/dist/index.js:1243:20\n    at new ZoneAwarePromise (C:\\Users\\krssa\\projects\\nalamdesk\\node_modules\\zone.js\\fesm2015\\zone.js:2702:25)\n    at runWithTimeout (file:///C:/Users/krssa/projects/nalamdesk/node_modules/@vitest/runner/dist/index.js:1209:10)\n    at runHook (file:///C:/Users/krssa/projects/nalamdesk/node_modules/@vitest/runner/dist/index.js:1514:51)\n    at callSuiteHook (file:///C:/Users/krssa/projects/nalamdesk/node_modules/@vitest/runner/dist/index.js:1520:25)"],"location":{"line":16,"column":5},"meta":{}},{"ancestorTitles":["SessionService"],"fullName":"SessionService should clear session","status":"failed","title":"should clear session","duration":3.6143000000010943,"failureMessages":["Error: Expected to be running in 'ProxyZone', but it was not found.\n    at Function.assertPresent (C:\\Users\\krssa\\projects\\nalamdesk\\node_modules\\zone.js\\fesm2015\\zone-testing.js:1984:19)\n    at Object.resetFakeAsyncZone (C:\\Users\\krssa\\projects\\nalamdesk\\node_modules\\zone.js\\fesm2015\\zone-testing.js:1652:46)\n    at resetFakeAsyncZoneIfExists (file:///C:/Users/krssa/projects/nalamdesk/node_modules/@angular/core/fesm2022/testing.mjs:409:29)\n    at file:///C:/Users/krssa/projects/nalamdesk/node_modules/@angular/core/fesm2022/testing.mjs:2220:13\n    at file:///C:/Users/krssa/projects/nalamdesk/node_modules/@vitest/runner/dist/index.js:145:11\n    at file:///C:/Users/krssa/projects/nalamdesk/node_modules/@vitest/runner/dist/index.js:1243:20\n    at new ZoneAwarePromise (C:\\Users\\krssa\\projects\\nalamdesk\\node_modules\\zone.js\\fesm2015\\zone.js:2702:25)\n    at runWithTimeout (file:///C:/Users/krssa/projects/nalamdesk/node_modules/@vitest/runner/dist/index.js:1209:10)\n    at runHook (file:///C:/Users/krssa/projects/nalamdesk/node_modules/@vitest/runner/dist/index.js:1514:51)\n    at callSuiteHook (file:///C:/Users/krssa/projects/nalamdesk/node_modules/@vitest/runner/dist/index.js:1520:25)"],"location":{"line":28,"column":5},"meta":{}}],"startTime":1769778387469,"endTime":1769778387513.6143,"status":"failed","message":"","name":"C:/Users/krssa/projects/nalamdesk/src/main/services/SessionService.spec.ts"},{"assertionResults":[{"ancestorTitles":["DashboardComponent"],"fullName":"DashboardComponent should load dashboard stats on init","status":"failed","title":"should load dashboard stats on init","duration":34.25879999999961,"failureMessages":["Error: Expected to be running in 'ProxyZone', but it was not found.\n    at Function.assertPresent (C:\\Users\\krssa\\projects\\nalamdesk\\node_modules\\zone.js\\fesm2015\\zone-testing.js:1984:19)\n    at Object.resetFakeAsyncZone (C:\\Users\\krssa\\projects\\nalamdesk\\node_modules\\zone.js\\fesm2015\\zone-testing.js:1652:46)\n    at resetFakeAsyncZoneIfExists (file:///C:/Users/krssa/projects/nalamdesk/node_modules/@angular/core/fesm2022/testing.mjs:409:29)\n    at file:///C:/Users/krssa/projects/nalamdesk/node_modules/@angular/core/fesm2022/testing.mjs:2220:13\n    at file:///C:/Users/krssa/projects/nalamdesk/node_modules/@vitest/runner/dist/index.js:145:11\n    at file:///C:/Users/krssa/projects/nalamdesk/node_modules/@vitest/runner/dist/index.js:1243:20\n    at new ZoneAwarePromise (C:\\Users\\krssa\\projects\\nalamdesk\\node_modules\\zone.js\\fesm2015\\zone.js:2702:25)\n    at runWithTimeout (file:///C:/Users/krssa/projects/nalamdesk/node_modules/@vitest/runner/dist/index.js:1209:10)\n    at runHook (file:///C:/Users/krssa/projects/nalamdesk/node_modules/@vitest/runner/dist/index.js:1514:51)\n    at callSuiteHook (file:///C:/Users/krssa/projects/nalamdesk/node_modules/@vitest/runner/dist/index.js:1520:25)"],"location":{"line":56,"column":5},"meta":{}},{"ancestorTitles":["DashboardComponent"],"fullName":"DashboardComponent should handle errors when loading stats","status":"failed","title":"should handle errors when loading stats","duration":5.702900000000227,"failureMessages":["Error: Expected to be running in 'ProxyZone', but it was not found.\n    at Function.assertPresent (C:\\Users\\krssa\\projects\\nalamdesk\\node_modules\\zone.js\\fesm2015\\zone-testing.js:1984:19)\n    at Object.resetFakeAsyncZone (C:\\Users\\krssa\\projects\\nalamdesk\\node_modules\\zone.js\\fesm2015\\zone-testing.js:1652:46)\n    at resetFakeAsyncZoneIfExists (file:///C:/Users/krssa/projects/nalamdesk/node_modules/@angular/core/fesm2022/testing.mjs:409:29)\n    at file:///C:/Users/krssa/projects/nalamdesk/node_modules/@angular/core/fesm2022/testing.mjs:2220:13\n    at file:///C:/Users/krssa/projects/nalamdesk/node_modules/@vitest/runner/dist/index.js:145:11\n    at file:///C:/Users/krssa/projects/nalamdesk/node_modules/@vitest/runner/dist/index.js:1243:20\n    at new ZoneAwarePromise (C:\\Users\\krssa\\projects\\nalamdesk\\node_modules\\zone.js\\fesm2015\\zone.js:2702:25)\n    at runWithTimeout (file:///C:/Users/krssa/projects/nalamdesk/node_modules/@vitest/runner/dist/index.js:1209:10)\n    at runHook (file:///C:/Users/krssa/projects/nalamdesk/node_modules/@vitest/runner/dist/index.js:1514:51)\n    at callSuiteHook (file:///C:/Users/krssa/projects/nalamdesk/node_modules/@vitest/runner/dist/index.js:1520:25)"],"location":{"line":63,"column":5},"meta":{}}],"startTime":1769778386984,"endTime":1769778387024.703,"status":"failed","message":"","name":"C:/Users/krssa/projects/nalamdesk/src/renderer/app/dashboard/dashboard.component.spec.ts"},{"assertionResults":[{"ancestorTitles":["LoginComponent"],"fullName":"LoginComponent should initialize with default values","status":"failed","title":"should initialize with default values","duration":21.23739999999998,"failureMessages":["Error: Expected to be running in 'ProxyZone', but it was not found.\n    at Function.assertPresent (C:\\Users\\krssa\\projects\\nalamdesk\\node_modules\\zone.js\\fesm2015\\zone-testing.js:1984:19)\n    at Object.resetFakeAsyncZone (C:\\Users\\krssa\\projects\\nalamdesk\\node_modules\\zone.js\\fesm2015\\zone-testing.js:1652:46)\n    at resetFakeAsyncZoneIfExists (file:///C:/Users/krssa/projects/nalamdesk/node_modules/@angular/core/fesm2022/testing.mjs:409:29)\n    at file:///C:/Users/krssa/projects/nalamdesk/node_modules/@angular/core/fesm2022/testing.mjs:2220:13\n    at file:///C:/Users/krssa/projects/nalamdesk/node_modules/@vitest/runner/dist/index.js:145:11\n    at file:///C:/Users/krssa/projects/nalamdesk/node_modules/@vitest/runner/dist/index.js:1243:20\n    at new ZoneAwarePromise (C:\\Users\\krssa\\projects\\nalamdesk\\node_modules\\zone.js\\fesm2015\\zone.js:2702:25)\n    at runWithTimeout (file:///C:/Users/krssa/projects/nalamdesk/node_modules/@vitest/runner/dist/index.js:1209:10)\n    at runHook (file:///C:/Users/krssa/projects/nalamdesk/node_modules/@vitest/runner/dist/index.js:1514:51)\n    at callSuiteHook (file:///C:/Users/krssa/projects/nalamdesk/node_modules/@vitest/runner/dist/index.js:1520:25)"],"location":{"line":24,"column":5},"meta":{}},{"ancestorTitles":["LoginComponent"],"fullName":"LoginComponent should not login if fields are empty","status":"failed","title":"should not login if fields are empty","duration":4.555900000001202,"failureMessages":["Error: Expected to be running in 'ProxyZone', but it was not found.\n    at Function.assertPresent (C:\\Users\\krssa\\projects\\nalamdesk\\node_modules\\zone.js\\fesm2015\\zone-testing.js:1984:19)\n    at Object.resetFakeAsyncZone (C:\\Users\\krssa\\projects\\nalamdesk\\node_modules\\zone.js\\fesm2015\\zone-testing.js:1652:46)\n    at resetFakeAsyncZoneIfExists (file:///C:/Users/krssa/projects/nalamdesk/node_modules/@angular/core/fesm2022/testing.mjs:409:29)\n    at file:///C:/Users/krssa/projects/nalamdesk/node_modules/@angular/core/fesm2022/testing.mjs:2220:13\n    at file:///C:/Users/krssa/projects/nalamdesk/node_modules/@vitest/runner/dist/index.js:145:11\n    at file:///C:/Users/krssa/projects/nalamdesk/node_modules/@vitest/runner/dist/index.js:1243:20\n    at new ZoneAwarePromise (C:\\Users\\krssa\\projects\\nalamdesk\\node_modules\\zone.js\\fesm2015\\zone.js:2702:25)\n    at runWithTimeout (file:///C:/Users/krssa/projects/nalamdesk/node_modules/@vitest/runner/dist/index.js:1209:10)\n    at runHook (file:///C:/Users/krssa/projects/nalamdesk/node_modules/@vitest/runner/dist/index.js:1514:51)\n    at callSuiteHook (file:///C:/Users/krssa/projects/nalamdesk/node_modules/@vitest/runner/dist/index.js:1520:25)"],"location":{"line":30,"column":5},"meta":{}},{"ancestorTitles":["LoginComponent"],"fullName":"LoginComponent should set error message on login failure","status":"failed","title":"should set error message on login failure","duration":4.584100000000035,"failureMessages":["Error: Expected to be running in 'ProxyZone', but it was not found.\n    at Function.assertPresent (C:\\Users\\krssa\\projects\\nalamdesk\\node_modules\\zone.js\\fesm2015\\zone-testing.js:1984:19)\n    at Object.resetFakeAsyncZone (C:\\Users\\krssa\\projects\\nalamdesk\\node_modules\\zone.js\\fesm2015\\zone-testing.js:1652:46)\n    at resetFakeAsyncZoneIfExists (file:///C:/Users/krssa/projects/nalamdesk/node_modules/@angular/core/fesm2022/testing.mjs:409:29)\n    at file:///C:/Users/krssa/projects/nalamdesk/node_modules/@angular/core/fesm2022/testing.mjs:2220:13\n    at file:///C:/Users/krssa/projects/nalamdesk/node_modules/@vitest/runner/dist/index.js:145:11\n    at file:///C:/Users/krssa/projects/nalamdesk/node_modules/@vitest/runner/dist/index.js:1243:20\n    at new ZoneAwarePromise (C:\\Users\\krssa\\projects\\nalamdesk\\node_modules\\zone.js\\fesm2015\\zone.js:2702:25)\n    at runWithTimeout (file:///C:/Users/krssa/projects/nalamdesk/node_modules/@vitest/runner/dist/index.js:1209:10)\n    at runHook (file:///C:/Users/krssa/projects/nalamdesk/node_modules/@vitest/runner/dist/index.js:1514:51)\n    at callSuiteHook (file:///C:/Users/krssa/projects/nalamdesk/node_modules/@vitest/runner/dist/index.js:1520:25)"],"location":{"line":35,"column":5},"meta":{}},{"ancestorTitles":["LoginComponent"],"fullName":"LoginComponent should navigate to dashboard on login success","status":"failed","title":"should navigate to dashboard on login success","duration":11.25630000000092,"failureMessages":["Error: Expected to be running in 'ProxyZone', but it was not found.\n    at Function.assertPresent (C:\\Users\\krssa\\projects\\nalamdesk\\node_modules\\zone.js\\fesm2015\\zone-testing.js:1984:19)\n    at Object.resetFakeAsyncZone (C:\\Users\\krssa\\projects\\nalamdesk\\node_modules\\zone.js\\fesm2015\\zone-testing.js:1652:46)\n    at resetFakeAsyncZoneIfExists (file:///C:/Users/krssa/projects/nalamdesk/node_modules/@angular/core/fesm2022/testing.mjs:409:29)\n    at file:///C:/Users/krssa/projects/nalamdesk/node_modules/@angular/core/fesm2022/testing.mjs:2220:13\n    at file:///C:/Users/krssa/projects/nalamdesk/node_modules/@vitest/runner/dist/index.js:145:11\n    at file:///C:/Users/krssa/projects/nalamdesk/node_modules/@vitest/runner/dist/index.js:1243:20\n    at new ZoneAwarePromise (C:\\Users\\krssa\\projects\\nalamdesk\\node_modules\\zone.js\\fesm2015\\zone.js:2702:25)\n    at runWithTimeout (file:///C:/Users/krssa/projects/nalamdesk/node_modules/@vitest/runner/dist/index.js:1209:10)\n    at runHook (file:///C:/Users/krssa/projects/nalamdesk/node_modules/@vitest/runner/dist/index.js:1514:51)\n    at callSuiteHook (file:///C:/Users/krssa/projects/nalamdesk/node_modules/@vitest/runner/dist/index.js:1520:25)"],"location":{"line":47,"column":5},"meta":{}},{"ancestorTitles":["LoginComponent"],"fullName":"LoginComponent should handle exception during login","status":"failed","title":"should handle exception during login","duration":7.669499999999971,"failureMessages":["Error: Expected to be running in 'ProxyZone', but it was not found.\n    at Function.assertPresent (C:\\Users\\krssa\\projects\\nalamdesk\\node_modules\\zone.js\\fesm2015\\zone-testing.js:1984:19)\n    at Object.resetFakeAsyncZone (C:\\Users\\krssa\\projects\\nalamdesk\\node_modules\\zone.js\\fesm2015\\zone-testing.js:1652:46)\n    at resetFakeAsyncZoneIfExists (file:///C:/Users/krssa/projects/nalamdesk/node_modules/@angular/core/fesm2022/testing.mjs:409:29)\n    at file:///C:/Users/krssa/projects/nalamdesk/node_modules/@angular/core/fesm2022/testing.mjs:2220:13\n    at file:///C:/Users/krssa/projects/nalamdesk/node_modules/@vitest/runner/dist/index.js:145:11\n    at file:///C:/Users/krssa/projects/nalamdesk/node_modules/@vitest/runner/dist/index.js:1243:20\n    at new ZoneAwarePromise (C:\\Users\\krssa\\projects\\nalamdesk\\node_modules\\zone.js\\fesm2015\\zone.js:2702:25)\n    at runWithTimeout (file:///C:/Users/krssa/projects/nalamdesk/node_modules/@vitest/runner/dist/index.js:1209:10)\n    at runHook (file:///C:/Users/krssa/projects/nalamdesk/node_modules/@vitest/runner/dist/index.js:1514:51)\n    at callSuiteHook (file:///C:/Users/krssa/projects/nalamdesk/node_modules/@vitest/runner/dist/index.js:1520:25)"],"location":{"line":59,"column":5},"meta":{}}],"startTime":1769778387472,"endTime":1769778387522.6694,"status":"failed","message":"","name":"C:/Users/krssa/projects/nalamdesk/src/renderer/app/login/login.component.spec.ts"},{"assertionResults":[{"ancestorTitles":["DataService","invoke (Electron Mode)"],"fullName":"DataService invoke (Electron Mode) should call local electron db method","status":"failed","title":"should call local electron db method","duration":128.17799999999988,"failureMessages":["Error: Expected to be running in 'ProxyZone', but it was not found.\n    at Function.assertPresent (C:\\Users\\krssa\\projects\\nalamdesk\\node_modules\\zone.js\\fesm2015\\zone-testing.js:1984:19)\n    at Object.resetFakeAsyncZone (C:\\Users\\krssa\\projects\\nalamdesk\\node_modules\\zone.js\\fesm2015\\zone-testing.js:1652:46)\n    at resetFakeAsyncZoneIfExists (file:///C:/Users/krssa/projects/nalamdesk/node_modules/@angular/core/fesm2022/testing.mjs:409:29)\n    at file:///C:/Users/krssa/projects/nalamdesk/node_modules/@angular/core/fesm2022/testing.mjs:2220:13\n    at file:///C:/Users/krssa/projects/nalamdesk/node_modules/@vitest/runner/dist/index.js:145:11\n    at file:///C:/Users/krssa/projects/nalamdesk/node_modules/@vitest/runner/dist/index.js:1243:20\n    at new ZoneAwarePromise (C:\\Users\\krssa\\projects\\nalamdesk\\node_modules\\zone.js\\fesm2015\\zone.js:2702:25)\n    at runWithTimeout (file:///C:/Users/krssa/projects/nalamdesk/node_modules/@vitest/runner/dist/index.js:1209:10)\n    at runHook (file:///C:/Users/krssa/projects/nalamdesk/node_modules/@vitest/runner/dist/index.js:1514:51)\n    at callSuiteHook (file:///C:/Users/krssa/projects/nalamdesk/node_modules/@vitest/runner/dist/index.js:1520:25)"],"location":{"line":26,"column":9},"meta":{}},{"ancestorTitles":["DataService","invoke (Electron Mode)"],"fullName":"DataService invoke (Electron Mode) should throw if method not found locally","status":"failed","title":"should throw if method not found locally","duration":56.457399999999325,"failureMessages":["Error: Expected to be running in 'ProxyZone', but it was not found.\n    at Function.assertPresent (C:\\Users\\krssa\\projects\\nalamdesk\\node_modules\\zone.js\\fesm2015\\zone-testing.js:1984:19)\n    at Object.resetFakeAsyncZone (C:\\Users\\krssa\\projects\\nalamdesk\\node_modules\\zone.js\\fesm2015\\zone-testing.js:1652:46)\n    at resetFakeAsyncZoneIfExists (file:///C:/Users/krssa/projects/nalamdesk/node_modules/@angular/core/fesm2022/testing.mjs:409:29)\n    at file:///C:/Users/krssa/projects/nalamdesk/node_modules/@angular/core/fesm2022/testing.mjs:2220:13\n    at file:///C:/Users/krssa/projects/nalamdesk/node_modules/@vitest/runner/dist/index.js:145:11\n    at file:///C:/Users/krssa/projects/nalamdesk/node_modules/@vitest/runner/dist/index.js:1243:20\n    at new ZoneAwarePromise (C:\\Users\\krssa\\projects\\nalamdesk\\node_modules\\zone.js\\fesm2015\\zone.js:2702:25)\n    at runWithTimeout (file:///C:/Users/krssa/projects/nalamdesk/node_modules/@vitest/runner/dist/index.js:1209:10)\n    at runHook (file:///C:/Users/krssa/projects/nalamdesk/node_modules/@vitest/runner/dist/index.js:1514:51)\n    at callSuiteHook (file:///C:/Users/krssa/projects/nalamdesk/node_modules/@vitest/runner/dist/index.js:1520:25)"],"location":{"line":37,"column":9},"meta":{}},{"ancestorTitles":["DataService","invoke (Web Mode)"],"fullName":"DataService invoke (Web Mode) should call fetch with token","status":"failed","title":"should call fetch with token","duration":62.53180000000066,"failureMessages":["Error: Expected to be running in 'ProxyZone', but it was not found.\n    at Function.assertPresent (C:\\Users\\krssa\\projects\\nalamdesk\\node_modules\\zone.js\\fesm2015\\zone-testing.js:1984:19)\n    at Object.resetFakeAsyncZone (C:\\Users\\krssa\\projects\\nalamdesk\\node_modules\\zone.js\\fesm2015\\zone-testing.js:1652:46)\n    at resetFakeAsyncZoneIfExists (file:///C:/Users/krssa/projects/nalamdesk/node_modules/@angular/core/fesm2022/testing.mjs:409:29)\n    at file:///C:/Users/krssa/projects/nalamdesk/node_modules/@angular/core/fesm2022/testing.mjs:2220:13\n    at file:///C:/Users/krssa/projects/nalamdesk/node_modules/@vitest/runner/dist/index.js:145:11\n    at file:///C:/Users/krssa/projects/nalamdesk/node_modules/@vitest/runner/dist/index.js:1243:20\n    at new ZoneAwarePromise (C:\\Users\\krssa\\projects\\nalamdesk\\node_modules\\zone.js\\fesm2015\\zone.js:2702:25)\n    at runWithTimeout (file:///C:/Users/krssa/projects/nalamdesk/node_modules/@vitest/runner/dist/index.js:1209:10)\n    at runHook (file:///C:/Users/krssa/projects/nalamdesk/node_modules/@vitest/runner/dist/index.js:1514:51)\n    at callSuiteHook (file:///C:/Users/krssa/projects/nalamdesk/node_modules/@vitest/runner/dist/index.js:1520:25)"],"location":{"line":48,"column":9},"meta":{}},{"ancestorTitles":["DataService","invoke (Web Mode)"],"fullName":"DataService invoke (Web Mode) should throw if not authenticated","status":"failed","title":"should throw if not authenticated","duration":18.349100000001272,"failureMessages":["Error: Expected to be running in 'ProxyZone', but it was not found.\n    at Function.assertPresent (C:\\Users\\krssa\\projects\\nalamdesk\\node_modules\\zone.js\\fesm2015\\zone-testing.js:1984:19)\n    at Object.resetFakeAsyncZone (C:\\Users\\krssa\\projects\\nalamdesk\\node_modules\\zone.js\\fesm2015\\zone-testing.js:1652:46)\n    at resetFakeAsyncZoneIfExists (file:///C:/Users/krssa/projects/nalamdesk/node_modules/@angular/core/fesm2022/testing.mjs:409:29)\n    at file:///C:/Users/krssa/projects/nalamdesk/node_modules/@angular/core/fesm2022/testing.mjs:2220:13\n    at file:///C:/Users/krssa/projects/nalamdesk/node_modules/@vitest/runner/dist/index.js:145:11\n    at file:///C:/Users/krssa/projects/nalamdesk/node_modules/@vitest/runner/dist/index.js:1243:20\n    at new ZoneAwarePromise (C:\\Users\\krssa\\projects\\nalamdesk\\node_modules\\zone.js\\fesm2015\\zone.js:2702:25)\n    at runWithTimeout (file:///C:/Users/krssa/projects/nalamdesk/node_modules/@vitest/runner/dist/index.js:1209:10)\n    at runHook (file:///C:/Users/krssa/projects/nalamdesk/node_modules/@vitest/runner/dist/index.js:1514:51)\n    at callSuiteHook (file:///C:/Users/krssa/projects/nalamdesk/node_modules/@vitest/runner/dist/index.js:1520:25)"],"location":{"line":64,"column":9},"meta":{}},{"ancestorTitles":["DataService","invoke (Web Mode)"],"fullName":"DataService invoke (Web Mode) should handle server errors","status":"failed","title":"should handle server errors","duration":12.386399999999412,"failureMessages":["Error: Expected to be running in 'ProxyZone', but it was not found.\n    at Function.assertPresent (C:\\Users\\krssa\\projects\\nalamdesk\\node_modules\\zone.js\\fesm2015\\zone-testing.js:1984:19)\n    at Object.resetFakeAsyncZone (C:\\Users\\krssa\\projects\\nalamdesk\\node_modules\\zone.js\\fesm2015\\zone-testing.js:1652:46)\n    at resetFakeAsyncZoneIfExists (file:///C:/Users/krssa/projects/nalamdesk/node_modules/@angular/core/fesm2022/testing.mjs:409:29)\n    at file:///C:/Users/krssa/projects/nalamdesk/node_modules/@angular/core/fesm2022/testing.mjs:2220:13\n    at file:///C:/Users/krssa/projects/nalamdesk/node_modules/@vitest/runner/dist/index.js:145:11\n    at file:///C:/Users/krssa/projects/nalamdesk/node_modules/@vitest/runner/dist/index.js:1243:20\n    at new ZoneAwarePromise (C:\\Users\\krssa\\projects\\nalamdesk\\node_modules\\zone.js\\fesm2015\\zone.js:2702:25)\n    at runWithTimeout (file:///C:/Users/krssa/projects/nalamdesk/node_modules/@vitest/runner/dist/index.js:1209:10)\n    at runHook (file:///C:/Users/krssa/projects/nalamdesk/node_modules/@vitest/runner/dist/index.js:1514:51)\n    at callSuiteHook (file:///C:/Users/krssa/projects/nalamdesk/node_modules/@vitest/runner/dist/index.js:1520:25)"],"location":{"line":69,"column":9},"meta":{}}],"startTime":1769778375890,"endTime":1769778376189.3865,"status":"failed","message":"","name":"C:/Users/krssa/projects/nalamdesk/src/renderer/app/services/api.service.spec.ts"},{"assertionResults":[{"ancestorTitles":["AuthService","login (Electron Mode)"],"fullName":"AuthService login (Electron Mode) should login successfully via electron IPC","status":"failed","title":"should login successfully via electron IPC","duration":106.16229999999996,"failureMessages":["Error: Expected to be running in 'ProxyZone', but it was not found.\n    at Function.assertPresent (C:\\Users\\krssa\\projects\\nalamdesk\\node_modules\\zone.js\\fesm2015\\zone-testing.js:1984:19)\n    at Object.resetFakeAsyncZone (C:\\Users\\krssa\\projects\\nalamdesk\\node_modules\\zone.js\\fesm2015\\zone-testing.js:1652:46)\n    at resetFakeAsyncZoneIfExists (file:///C:/Users/krssa/projects/nalamdesk/node_modules/@angular/core/fesm2022/testing.mjs:409:29)\n    at file:///C:/Users/krssa/projects/nalamdesk/node_modules/@angular/core/fesm2022/testing.mjs:2220:13\n    at file:///C:/Users/krssa/projects/nalamdesk/node_modules/@vitest/runner/dist/index.js:145:11\n    at file:///C:/Users/krssa/projects/nalamdesk/node_modules/@vitest/runner/dist/index.js:1243:20\n    at new ZoneAwarePromise (C:\\Users\\krssa\\projects\\nalamdesk\\node_modules\\zone.js\\fesm2015\\zone.js:2702:25)\n    at runWithTimeout (file:///C:/Users/krssa/projects/nalamdesk/node_modules/@vitest/runner/dist/index.js:1209:10)\n    at runHook (file:///C:/Users/krssa/projects/nalamdesk/node_modules/@vitest/runner/dist/index.js:1514:51)\n    at callSuiteHook (file:///C:/Users/krssa/projects/nalamdesk/node_modules/@vitest/runner/dist/index.js:1520:25)"],"location":{"line":21,"column":9},"meta":{}},{"ancestorTitles":["AuthService","login (Electron Mode)"],"fullName":"AuthService login (Electron Mode) should handle login failure","status":"failed","title":"should handle login failure","duration":22.159200000000055,"failureMessages":["Error: Expected to be running in 'ProxyZone', but it was not found.\n    at Function.assertPresent (C:\\Users\\krssa\\projects\\nalamdesk\\node_modules\\zone.js\\fesm2015\\zone-testing.js:1984:19)\n    at Object.resetFakeAsyncZone (C:\\Users\\krssa\\projects\\nalamdesk\\node_modules\\zone.js\\fesm2015\\zone-testing.js:1652:46)\n    at resetFakeAsyncZoneIfExists (file:///C:/Users/krssa/projects/nalamdesk/node_modules/@angular/core/fesm2022/testing.mjs:409:29)\n    at file:///C:/Users/krssa/projects/nalamdesk/node_modules/@angular/core/fesm2022/testing.mjs:2220:13\n    at file:///C:/Users/krssa/projects/nalamdesk/node_modules/@vitest/runner/dist/index.js:145:11\n    at file:///C:/Users/krssa/projects/nalamdesk/node_modules/@vitest/runner/dist/index.js:1243:20\n    at new ZoneAwarePromise (C:\\Users\\krssa\\projects\\nalamdesk\\node_modules\\zone.js\\fesm2015\\zone.js:2702:25)\n    at runWithTimeout (file:///C:/Users/krssa/projects/nalamdesk/node_modules/@vitest/runner/dist/index.js:1209:10)\n    at runHook (file:///C:/Users/krssa/projects/nalamdesk/node_modules/@vitest/runner/dist/index.js:1514:51)\n    at callSuiteHook (file:///C:/Users/krssa/projects/nalamdesk/node_modules/@vitest/runner/dist/index.js:1520:25)"],"location":{"line":33,"column":9},"meta":{}},{"ancestorTitles":["AuthService","login (Electron Mode)"],"fullName":"AuthService login (Electron Mode) should catch ipc errors","status":"failed","title":"should catch ipc errors","duration":15.447000000000116,"failureMessages":["Error: Expected to be running in 'ProxyZone', but it was not found.\n    at Function.assertPresent (C:\\Users\\krssa\\projects\\nalamdesk\\node_modules\\zone.js\\fesm2015\\zone-testing.js:1984:19)\n    at Object.resetFakeAsyncZone (C:\\Users\\krssa\\projects\\nalamdesk\\node_modules\\zone.js\\fesm2015\\zone-testing.js:1652:46)\n    at resetFakeAsyncZoneIfExists (file:///C:/Users/krssa/projects/nalamdesk/node_modules/@angular/core/fesm2022/testing.mjs:409:29)\n    at file:///C:/Users/krssa/projects/nalamdesk/node_modules/@angular/core/fesm2022/testing.mjs:2220:13\n    at file:///C:/Users/krssa/projects/nalamdesk/node_modules/@vitest/runner/dist/index.js:145:11\n    at file:///C:/Users/krssa/projects/nalamdesk/node_modules/@vitest/runner/dist/index.js:1243:20\n    at new ZoneAwarePromise (C:\\Users\\krssa\\projects\\nalamdesk\\node_modules\\zone.js\\fesm2015\\zone.js:2702:25)\n    at runWithTimeout (file:///C:/Users/krssa/projects/nalamdesk/node_modules/@vitest/runner/dist/index.js:1209:10)\n    at runHook (file:///C:/Users/krssa/projects/nalamdesk/node_modules/@vitest/runner/dist/index.js:1514:51)\n    at callSuiteHook (file:///C:/Users/krssa/projects/nalamdesk/node_modules/@vitest/runner/dist/index.js:1520:25)"],"location":{"line":44,"column":9},"meta":{}},{"ancestorTitles":["AuthService","login (Web Mode)"],"fullName":"AuthService login (Web Mode) should login via fetch","status":"failed","title":"should login via fetch","duration":36.220400000000154,"failureMessages":["Error: Expected to be running in 'ProxyZone', but it was not found.\n    at Function.assertPresent (C:\\Users\\krssa\\projects\\nalamdesk\\node_modules\\zone.js\\fesm2015\\zone-testing.js:1984:19)\n    at Object.resetFakeAsyncZone (C:\\Users\\krssa\\projects\\nalamdesk\\node_modules\\zone.js\\fesm2015\\zone-testing.js:1652:46)\n    at resetFakeAsyncZoneIfExists (file:///C:/Users/krssa/projects/nalamdesk/node_modules/@angular/core/fesm2022/testing.mjs:409:29)\n    at file:///C:/Users/krssa/projects/nalamdesk/node_modules/@angular/core/fesm2022/testing.mjs:2220:13\n    at file:///C:/Users/krssa/projects/nalamdesk/node_modules/@vitest/runner/dist/index.js:145:11\n    at file:///C:/Users/krssa/projects/nalamdesk/node_modules/@vitest/runner/dist/index.js:1243:20\n    at new ZoneAwarePromise (C:\\Users\\krssa\\projects\\nalamdesk\\node_modules\\zone.js\\fesm2015\\zone.js:2702:25)\n    at runWithTimeout (file:///C:/Users/krssa/projects/nalamdesk/node_modules/@vitest/runner/dist/index.js:1209:10)\n    at runHook (file:///C:/Users/krssa/projects/nalamdesk/node_modules/@vitest/runner/dist/index.js:1514:51)\n    at callSuiteHook (file:///C:/Users/krssa/projects/nalamdesk/node_modules/@vitest/runner/dist/index.js:1520:25)"],"location":{"line":55,"column":9},"meta":{}},{"ancestorTitles":["AuthService","login (Web Mode)"],"fullName":"AuthService login (Web Mode) should handle fetch failure","status":"failed","title":"should handle fetch failure","duration":12.701600000000326,"failureMessages":["Error: Expected to be running in 'ProxyZone', but it was not found.\n    at Function.assertPresent (C:\\Users\\krssa\\projects\\nalamdesk\\node_modules\\zone.js\\fesm2015\\zone-testing.js:1984:19)\n    at Object.resetFakeAsyncZone (C:\\Users\\krssa\\projects\\nalamdesk\\node_modules\\zone.js\\fesm2015\\zone-testing.js:1652:46)\n    at resetFakeAsyncZoneIfExists (file:///C:/Users/krssa/projects/nalamdesk/node_modules/@angular/core/fesm2022/testing.mjs:409:29)\n    at file:///C:/Users/krssa/projects/nalamdesk/node_modules/@angular/core/fesm2022/testing.mjs:2220:13\n    at file:///C:/Users/krssa/projects/nalamdesk/node_modules/@vitest/runner/dist/index.js:145:11\n    at file:///C:/Users/krssa/projects/nalamdesk/node_modules/@vitest/runner/dist/index.js:1243:20\n    at new ZoneAwarePromise (C:\\Users\\krssa\\projects\\nalamdesk\\node_modules\\zone.js\\fesm2015\\zone.js:2702:25)\n    at runWithTimeout (file:///C:/Users/krssa/projects/nalamdesk/node_modules/@vitest/runner/dist/index.js:1209:10)\n    at runHook (file:///C:/Users/krssa/projects/nalamdesk/node_modules/@vitest/runner/dist/index.js:1514:51)\n    at callSuiteHook (file:///C:/Users/krssa/projects/nalamdesk/node_modules/@vitest/runner/dist/index.js:1520:25)"],"location":{"line":72,"column":9},"meta":{}},{"ancestorTitles":["AuthService","Session Management"],"fullName":"AuthService Session Management should logout by clearing storage","status":"failed","title":"should logout by clearing storage","duration":16.094900000000052,"failureMessages":["Error: Expected to be running in 'ProxyZone', but it was not found.\n    at Function.assertPresent (C:\\Users\\krssa\\projects\\nalamdesk\\node_modules\\zone.js\\fesm2015\\zone-testing.js:1984:19)\n    at Object.resetFakeAsyncZone (C:\\Users\\krssa\\projects\\nalamdesk\\node_modules\\zone.js\\fesm2015\\zone-testing.js:1652:46)\n    at resetFakeAsyncZoneIfExists (file:///C:/Users/krssa/projects/nalamdesk/node_modules/@angular/core/fesm2022/testing.mjs:409:29)\n    at file:///C:/Users/krssa/projects/nalamdesk/node_modules/@angular/core/fesm2022/testing.mjs:2220:13\n    at file:///C:/Users/krssa/projects/nalamdesk/node_modules/@vitest/runner/dist/index.js:145:11\n    at file:///C:/Users/krssa/projects/nalamdesk/node_modules/@vitest/runner/dist/index.js:1243:20\n    at new ZoneAwarePromise (C:\\Users\\krssa\\projects\\nalamdesk\\node_modules\\zone.js\\fesm2015\\zone.js:2702:25)\n    at runWithTimeout (file:///C:/Users/krssa/projects/nalamdesk/node_modules/@vitest/runner/dist/index.js:1209:10)\n    at runHook (file:///C:/Users/krssa/projects/nalamdesk/node_modules/@vitest/runner/dist/index.js:1514:51)\n    at callSuiteHook (file:///C:/Users/krssa/projects/nalamdesk/node_modules/@vitest/runner/dist/index.js:1520:25)"],"location":{"line":87,"column":9},"meta":{}}],"startTime":1769778375649,"endTime":1769778375866.095,"status":"failed","message":"","name":"C:/Users/krssa/projects/nalamdesk/src/renderer/app/services/auth.service.spec.ts"},{"assertionResults":[{"ancestorTitles":["SettingsComponent"],"fullName":"SettingsComponent should redirect if user is not admin","status":"failed","title":"should redirect if user is not admin","duration":64.97690000000148,"failureMessages":["Error: Expected to be running in 'ProxyZone', but it was not found.\n    at Function.assertPresent (C:\\Users\\krssa\\projects\\nalamdesk\\node_modules\\zone.js\\fesm2015\\zone-testing.js:1984:19)\n    at Object.resetFakeAsyncZone (C:\\Users\\krssa\\projects\\nalamdesk\\node_modules\\zone.js\\fesm2015\\zone-testing.js:1652:46)\n    at resetFakeAsyncZoneIfExists (file:///C:/Users/krssa/projects/nalamdesk/node_modules/@angular/core/fesm2022/testing.mjs:409:29)\n    at file:///C:/Users/krssa/projects/nalamdesk/node_modules/@angular/core/fesm2022/testing.mjs:2220:13\n    at file:///C:/Users/krssa/projects/nalamdesk/node_modules/@vitest/runner/dist/index.js:145:11\n    at file:///C:/Users/krssa/projects/nalamdesk/node_modules/@vitest/runner/dist/index.js:1243:20\n    at new ZoneAwarePromise (C:\\Users\\krssa\\projects\\nalamdesk\\node_modules\\zone.js\\fesm2015\\zone.js:2702:25)\n    at runWithTimeout (file:///C:/Users/krssa/projects/nalamdesk/node_modules/@vitest/runner/dist/index.js:1209:10)\n    at runHook (file:///C:/Users/krssa/projects/nalamdesk/node_modules/@vitest/runner/dist/index.js:1514:51)\n    at callSuiteHook (file:///C:/Users/krssa/projects/nalamdesk/node_modules/@vitest/runner/dist/index.js:1520:25)"],"location":{"line":46,"column":5},"meta":{}},{"ancestorTitles":["SettingsComponent"],"fullName":"SettingsComponent should load settings if user is admin","status":"failed","title":"should load settings if user is admin","duration":68.87880000000041,"failureMessages":["Error: Expected to be running in 'ProxyZone', but it was not found.\n    at Function.assertPresent (C:\\Users\\krssa\\projects\\nalamdesk\\node_modules\\zone.js\\fesm2015\\zone-testing.js:1984:19)\n    at Object.resetFakeAsyncZone (C:\\Users\\krssa\\projects\\nalamdesk\\node_modules\\zone.js\\fesm2015\\zone-testing.js:1652:46)\n    at resetFakeAsyncZoneIfExists (file:///C:/Users/krssa/projects/nalamdesk/node_modules/@angular/core/fesm2022/testing.mjs:409:29)\n    at file:///C:/Users/krssa/projects/nalamdesk/node_modules/@angular/core/fesm2022/testing.mjs:2220:13\n    at file:///C:/Users/krssa/projects/nalamdesk/node_modules/@vitest/runner/dist/index.js:145:11\n    at file:///C:/Users/krssa/projects/nalamdesk/node_modules/@vitest/runner/dist/index.js:1243:20\n    at new ZoneAwarePromise (C:\\Users\\krssa\\projects\\nalamdesk\\node_modules\\zone.js\\fesm2015\\zone.js:2702:25)\n    at runWithTimeout (file:///C:/Users/krssa/projects/nalamdesk/node_modules/@vitest/runner/dist/index.js:1209:10)\n    at runHook (file:///C:/Users/krssa/projects/nalamdesk/node_modules/@vitest/runner/dist/index.js:1514:51)\n    at callSuiteHook (file:///C:/Users/krssa/projects/nalamdesk/node_modules/@vitest/runner/dist/index.js:1520:25)"],"location":{"line":52,"column":5},"meta":{}},{"ancestorTitles":["SettingsComponent"],"fullName":"SettingsComponent should save settings","status":"failed","title":"should save settings","duration":31.978900000000067,"failureMessages":["Error: Expected to be running in 'ProxyZone', but it was not found.\n    at Function.assertPresent (C:\\Users\\krssa\\projects\\nalamdesk\\node_modules\\zone.js\\fesm2015\\zone-testing.js:1984:19)\n    at Object.resetFakeAsyncZone (C:\\Users\\krssa\\projects\\nalamdesk\\node_modules\\zone.js\\fesm2015\\zone-testing.js:1652:46)\n    at resetFakeAsyncZoneIfExists (file:///C:/Users/krssa/projects/nalamdesk/node_modules/@angular/core/fesm2022/testing.mjs:409:29)\n    at file:///C:/Users/krssa/projects/nalamdesk/node_modules/@angular/core/fesm2022/testing.mjs:2220:13\n    at file:///C:/Users/krssa/projects/nalamdesk/node_modules/@vitest/runner/dist/index.js:145:11\n    at file:///C:/Users/krssa/projects/nalamdesk/node_modules/@vitest/runner/dist/index.js:1243:20\n    at new ZoneAwarePromise (C:\\Users\\krssa\\projects\\nalamdesk\\node_modules\\zone.js\\fesm2015\\zone.js:2702:25)\n    at runWithTimeout (file:///C:/Users/krssa/projects/nalamdesk/node_modules/@vitest/runner/dist/index.js:1209:10)\n    at runHook (file:///C:/Users/krssa/projects/nalamdesk/node_modules/@vitest/runner/dist/index.js:1514:51)\n    at callSuiteHook (file:///C:/Users/krssa/projects/nalamdesk/node_modules/@vitest/runner/dist/index.js:1520:25)"],"location":{"line":65,"column":5},"meta":{}},{"ancestorTitles":["SettingsComponent"],"fullName":"SettingsComponent should add a new user","status":"failed","title":"should add a new user","duration":23.511799999998402,"failureMessages":["Error: Expected to be running in 'ProxyZone', but it was not found.\n    at Function.assertPresent (C:\\Users\\krssa\\projects\\nalamdesk\\node_modules\\zone.js\\fesm2015\\zone-testing.js:1984:19)\n    at Object.resetFakeAsyncZone (C:\\Users\\krssa\\projects\\nalamdesk\\node_modules\\zone.js\\fesm2015\\zone-testing.js:1652:46)\n    at resetFakeAsyncZoneIfExists (file:///C:/Users/krssa/projects/nalamdesk/node_modules/@angular/core/fesm2022/testing.mjs:409:29)\n    at file:///C:/Users/krssa/projects/nalamdesk/node_modules/@angular/core/fesm2022/testing.mjs:2220:13\n    at file:///C:/Users/krssa/projects/nalamdesk/node_modules/@vitest/runner/dist/index.js:145:11\n    at file:///C:/Users/krssa/projects/nalamdesk/node_modules/@vitest/runner/dist/index.js:1243:20\n    at new ZoneAwarePromise (C:\\Users\\krssa\\projects\\nalamdesk\\node_modules\\zone.js\\fesm2015\\zone.js:2702:25)\n    at runWithTimeout (file:///C:/Users/krssa/projects/nalamdesk/node_modules/@vitest/runner/dist/index.js:1209:10)\n    at runHook (file:///C:/Users/krssa/projects/nalamdesk/node_modules/@vitest/runner/dist/index.js:1514:51)\n    at callSuiteHook (file:///C:/Users/krssa/projects/nalamdesk/node_modules/@vitest/runner/dist/index.js:1520:25)"],"location":{"line":73,"column":5},"meta":{}},{"ancestorTitles":["SettingsComponent"],"fullName":"SettingsComponent should validation user creation","status":"failed","title":"should validation user creation","duration":8.577100000000428,"failureMessages":["Error: Expected to be running in 'ProxyZone', but it was not found.\n    at Function.assertPresent (C:\\Users\\krssa\\projects\\nalamdesk\\node_modules\\zone.js\\fesm2015\\zone-testing.js:1984:19)\n    at Object.resetFakeAsyncZone (C:\\Users\\krssa\\projects\\nalamdesk\\node_modules\\zone.js\\fesm2015\\zone-testing.js:1652:46)\n    at resetFakeAsyncZoneIfExists (file:///C:/Users/krssa/projects/nalamdesk/node_modules/@angular/core/fesm2022/testing.mjs:409:29)\n    at file:///C:/Users/krssa/projects/nalamdesk/node_modules/@angular/core/fesm2022/testing.mjs:2220:13\n    at file:///C:/Users/krssa/projects/nalamdesk/node_modules/@vitest/runner/dist/index.js:145:11\n    at file:///C:/Users/krssa/projects/nalamdesk/node_modules/@vitest/runner/dist/index.js:1243:20\n    at new ZoneAwarePromise (C:\\Users\\krssa\\projects\\nalamdesk\\node_modules\\zone.js\\fesm2015\\zone.js:2702:25)\n    at runWithTimeout (file:///C:/Users/krssa/projects/nalamdesk/node_modules/@vitest/runner/dist/index.js:1209:10)\n    at runHook (file:///C:/Users/krssa/projects/nalamdesk/node_modules/@vitest/runner/dist/index.js:1514:51)\n    at callSuiteHook (file:///C:/Users/krssa/projects/nalamdesk/node_modules/@vitest/runner/dist/index.js:1520:25)"],"location":{"line":82,"column":5},"meta":{}}],"startTime":1769778377386,"endTime":1769778377596.5771,"status":"failed","message":"","name":"C:/Users/krssa/projects/nalamdesk/src/renderer/app/settings/settings.component.spec.ts"},{"assertionResults":[{"ancestorTitles":["PatientListComponent"],"fullName":"PatientListComponent should load patients on init","status":"failed","title":"should load patients on init","duration":95.41530000000057,"failureMessages":["Error: Expected to be running in 'ProxyZone', but it was not found.\n    at Function.assertPresent (C:\\Users\\krssa\\projects\\nalamdesk\\node_modules\\zone.js\\fesm2015\\zone-testing.js:1984:19)\n    at Object.resetFakeAsyncZone (C:\\Users\\krssa\\projects\\nalamdesk\\node_modules\\zone.js\\fesm2015\\zone-testing.js:1652:46)\n    at resetFakeAsyncZoneIfExists (file:///C:/Users/krssa/projects/nalamdesk/node_modules/@angular/core/fesm2022/testing.mjs:409:29)\n    at file:///C:/Users/krssa/projects/nalamdesk/node_modules/@angular/core/fesm2022/testing.mjs:2220:13\n    at file:///C:/Users/krssa/projects/nalamdesk/node_modules/@vitest/runner/dist/index.js:145:11\n    at file:///C:/Users/krssa/projects/nalamdesk/node_modules/@vitest/runner/dist/index.js:1243:20\n    at new ZoneAwarePromise (C:\\Users\\krssa\\projects\\nalamdesk\\node_modules\\zone.js\\fesm2015\\zone.js:2702:25)\n    at runWithTimeout (file:///C:/Users/krssa/projects/nalamdesk/node_modules/@vitest/runner/dist/index.js:1209:10)\n    at runHook (file:///C:/Users/krssa/projects/nalamdesk/node_modules/@vitest/runner/dist/index.js:1514:51)\n    at callSuiteHook (file:///C:/Users/krssa/projects/nalamdesk/node_modules/@vitest/runner/dist/index.js:1520:25)"],"location":{"line":61,"column":5},"meta":{}},{"ancestorTitles":["PatientListComponent"],"fullName":"PatientListComponent should search patients","status":"failed","title":"should search patients","duration":17.890399999998408,"failureMessages":["Error: Expected to be running in 'ProxyZone', but it was not found.\n    at Function.assertPresent (C:\\Users\\krssa\\projects\\nalamdesk\\node_modules\\zone.js\\fesm2015\\zone-testing.js:1984:19)\n    at Object.resetFakeAsyncZone (C:\\Users\\krssa\\projects\\nalamdesk\\node_modules\\zone.js\\fesm2015\\zone-testing.js:1652:46)\n    at resetFakeAsyncZoneIfExists (file:///C:/Users/krssa/projects/nalamdesk/node_modules/@angular/core/fesm2022/testing.mjs:409:29)\n    at file:///C:/Users/krssa/projects/nalamdesk/node_modules/@angular/core/fesm2022/testing.mjs:2220:13\n    at file:///C:/Users/krssa/projects/nalamdesk/node_modules/@vitest/runner/dist/index.js:145:11\n    at file:///C:/Users/krssa/projects/nalamdesk/node_modules/@vitest/runner/dist/index.js:1243:20\n    at new ZoneAwarePromise (C:\\Users\\krssa\\projects\\nalamdesk\\node_modules\\zone.js\\fesm2015\\zone.js:2702:25)\n    at runWithTimeout (file:///C:/Users/krssa/projects/nalamdesk/node_modules/@vitest/runner/dist/index.js:1209:10)\n    at runHook (file:///C:/Users/krssa/projects/nalamdesk/node_modules/@vitest/runner/dist/index.js:1514:51)\n    at callSuiteHook (file:///C:/Users/krssa/projects/nalamdesk/node_modules/@vitest/runner/dist/index.js:1520:25)"],"location":{"line":73,"column":5},"meta":{}},{"ancestorTitles":["PatientListComponent"],"fullName":"PatientListComponent should add patient to queue","status":"failed","title":"should add patient to queue","duration":16.33349999999882,"failureMessages":["Error: Expected to be running in 'ProxyZone', but it was not found.\n    at Function.assertPresent (C:\\Users\\krssa\\projects\\nalamdesk\\node_modules\\zone.js\\fesm2015\\zone-testing.js:1984:19)\n    at Object.resetFakeAsyncZone (C:\\Users\\krssa\\projects\\nalamdesk\\node_modules\\zone.js\\fesm2015\\zone-testing.js:1652:46)\n    at resetFakeAsyncZoneIfExists (file:///C:/Users/krssa/projects/nalamdesk/node_modules/@angular/core/fesm2022/testing.mjs:409:29)\n    at file:///C:/Users/krssa/projects/nalamdesk/node_modules/@angular/core/fesm2022/testing.mjs:2220:13\n    at file:///C:/Users/krssa/projects/nalamdesk/node_modules/@vitest/runner/dist/index.js:145:11\n    at file:///C:/Users/krssa/projects/nalamdesk/node_modules/@vitest/runner/dist/index.js:1243:20\n    at new ZoneAwarePromise (C:\\Users\\krssa\\projects\\nalamdesk\\node_modules\\zone.js\\fesm2015\\zone.js:2702:25)\n    at runWithTimeout (file:///C:/Users/krssa/projects/nalamdesk/node_modules/@vitest/runner/dist/index.js:1209:10)\n    at runHook (file:///C:/Users/krssa/projects/nalamdesk/node_modules/@vitest/runner/dist/index.js:1514:51)\n    at callSuiteHook (file:///C:/Users/krssa/projects/nalamdesk/node_modules/@vitest/runner/dist/index.js:1520:25)"],"location":{"line":79,"column":5},"meta":{}},{"ancestorTitles":["PatientListComponent"],"fullName":"PatientListComponent should not add to queue if already enqueued","status":"failed","title":"should not add to queue if already enqueued","duration":16.784200000000055,"failureMessages":["Error: Expected to be running in 'ProxyZone', but it was not found.\n    at Function.assertPresent (C:\\Users\\krssa\\projects\\nalamdesk\\node_modules\\zone.js\\fesm2015\\zone-testing.js:1984:19)\n    at Object.resetFakeAsyncZone (C:\\Users\\krssa\\projects\\nalamdesk\\node_modules\\zone.js\\fesm2015\\zone-testing.js:1652:46)\n    at resetFakeAsyncZoneIfExists (file:///C:/Users/krssa/projects/nalamdesk/node_modules/@angular/core/fesm2022/testing.mjs:409:29)\n    at file:///C:/Users/krssa/projects/nalamdesk/node_modules/@angular/core/fesm2022/testing.mjs:2220:13\n    at file:///C:/Users/krssa/projects/nalamdesk/node_modules/@vitest/runner/dist/index.js:145:11\n    at file:///C:/Users/krssa/projects/nalamdesk/node_modules/@vitest/runner/dist/index.js:1243:20\n    at new ZoneAwarePromise (C:\\Users\\krssa\\projects\\nalamdesk\\node_modules\\zone.js\\fesm2015\\zone.js:2702:25)\n    at runWithTimeout (file:///C:/Users/krssa/projects/nalamdesk/node_modules/@vitest/runner/dist/index.js:1209:10)\n    at runHook (file:///C:/Users/krssa/projects/nalamdesk/node_modules/@vitest/runner/dist/index.js:1514:51)\n    at callSuiteHook (file:///C:/Users/krssa/projects/nalamdesk/node_modules/@vitest/runner/dist/index.js:1520:25)"],"location":{"line":87,"column":5},"meta":{}},{"ancestorTitles":["PatientListComponent"],"fullName":"PatientListComponent should open modal for new patient","status":"failed","title":"should open modal for new patient","duration":16.950800000000527,"failureMessages":["Error: Expected to be running in 'ProxyZone', but it was not found.\n    at Function.assertPresent (C:\\Users\\krssa\\projects\\nalamdesk\\node_modules\\zone.js\\fesm2015\\zone-testing.js:1984:19)\n    at Object.resetFakeAsyncZone (C:\\Users\\krssa\\projects\\nalamdesk\\node_modules\\zone.js\\fesm2015\\zone-testing.js:1652:46)\n    at resetFakeAsyncZoneIfExists (file:///C:/Users/krssa/projects/nalamdesk/node_modules/@angular/core/fesm2022/testing.mjs:409:29)\n    at file:///C:/Users/krssa/projects/nalamdesk/node_modules/@angular/core/fesm2022/testing.mjs:2220:13\n    at file:///C:/Users/krssa/projects/nalamdesk/node_modules/@vitest/runner/dist/index.js:145:11\n    at file:///C:/Users/krssa/projects/nalamdesk/node_modules/@vitest/runner/dist/index.js:1243:20\n    at new ZoneAwarePromise (C:\\Users\\krssa\\projects\\nalamdesk\\node_modules\\zone.js\\fesm2015\\zone.js:2702:25)\n    at runWithTimeout (file:///C:/Users/krssa/projects/nalamdesk/node_modules/@vitest/runner/dist/index.js:1209:10)\n    at runHook (file:///C:/Users/krssa/projects/nalamdesk/node_modules/@vitest/runner/dist/index.js:1514:51)\n    at callSuiteHook (file:///C:/Users/krssa/projects/nalamdesk/node_modules/@vitest/runner/dist/index.js:1520:25)"],"location":{"line":94,"column":5},"meta":{}},{"ancestorTitles":["PatientListComponent"],"fullName":"PatientListComponent should edit patient","status":"failed","title":"should edit patient","duration":8.363400000000183,"failureMessages":["Error: Expected to be running in 'ProxyZone', but it was not found.\n    at Function.assertPresent (C:\\Users\\krssa\\projects\\nalamdesk\\node_modules\\zone.js\\fesm2015\\zone-testing.js:1984:19)\n    at Object.resetFakeAsyncZone (C:\\Users\\krssa\\projects\\nalamdesk\\node_modules\\zone.js\\fesm2015\\zone-testing.js:1652:46)\n    at resetFakeAsyncZoneIfExists (file:///C:/Users/krssa/projects/nalamdesk/node_modules/@angular/core/fesm2022/testing.mjs:409:29)\n    at file:///C:/Users/krssa/projects/nalamdesk/node_modules/@angular/core/fesm2022/testing.mjs:2220:13\n    at file:///C:/Users/krssa/projects/nalamdesk/node_modules/@vitest/runner/dist/index.js:145:11\n    at file:///C:/Users/krssa/projects/nalamdesk/node_modules/@vitest/runner/dist/index.js:1243:20\n    at new ZoneAwarePromise (C:\\Users\\krssa\\projects\\nalamdesk\\node_modules\\zone.js\\fesm2015\\zone.js:2702:25)\n    at runWithTimeout (file:///C:/Users/krssa/projects/nalamdesk/node_modules/@vitest/runner/dist/index.js:1209:10)\n    at runHook (file:///C:/Users/krssa/projects/nalamdesk/node_modules/@vitest/runner/dist/index.js:1514:51)\n    at callSuiteHook (file:///C:/Users/krssa/projects/nalamdesk/node_modules/@vitest/runner/dist/index.js:1520:25)"],"location":{"line":100,"column":5},"meta":{}},{"ancestorTitles":["PatientListComponent"],"fullName":"PatientListComponent should calculate minDate as 110 years ago","status":"failed","title":"should calculate minDate as 110 years ago","duration":6.549299999998766,"failureMessages":["Error: Expected to be running in 'ProxyZone', but it was not found.\n    at Function.assertPresent (C:\\Users\\krssa\\projects\\nalamdesk\\node_modules\\zone.js\\fesm2015\\zone-testing.js:1984:19)\n    at Object.resetFakeAsyncZone (C:\\Users\\krssa\\projects\\nalamdesk\\node_modules\\zone.js\\fesm2015\\zone-testing.js:1652:46)\n    at resetFakeAsyncZoneIfExists (file:///C:/Users/krssa/projects/nalamdesk/node_modules/@angular/core/fesm2022/testing.mjs:409:29)\n    at file:///C:/Users/krssa/projects/nalamdesk/node_modules/@angular/core/fesm2022/testing.mjs:2220:13\n    at file:///C:/Users/krssa/projects/nalamdesk/node_modules/@vitest/runner/dist/index.js:145:11\n    at file:///C:/Users/krssa/projects/nalamdesk/node_modules/@vitest/runner/dist/index.js:1243:20\n    at new ZoneAwarePromise (C:\\Users\\krssa\\projects\\nalamdesk\\node_modules\\zone.js\\fesm2015\\zone.js:2702:25)\n    at runWithTimeout (file:///C:/Users/krssa/projects/nalamdesk/node_modules/@vitest/runner/dist/index.js:1209:10)\n    at runHook (file:///C:/Users/krssa/projects/nalamdesk/node_modules/@vitest/runner/dist/index.js:1514:51)\n    at callSuiteHook (file:///C:/Users/krssa/projects/nalamdesk/node_modules/@vitest/runner/dist/index.js:1520:25)"],"location":{"line":109,"column":5},"meta":{}},{"ancestorTitles":["PatientListComponent"],"fullName":"PatientListComponent should return today date string","status":"failed","title":"should return today date string","duration":10.831000000000131,"failureMessages":["Error: Expected to be running in 'ProxyZone', but it was not found.\n    at Function.assertPresent (C:\\Users\\krssa\\projects\\nalamdesk\\node_modules\\zone.js\\fesm2015\\zone-testing.js:1984:19)\n    at Object.resetFakeAsyncZone (C:\\Users\\krssa\\projects\\nalamdesk\\node_modules\\zone.js\\fesm2015\\zone-testing.js:1652:46)\n    at resetFakeAsyncZoneIfExists (file:///C:/Users/krssa/projects/nalamdesk/node_modules/@angular/core/fesm2022/testing.mjs:409:29)\n    at file:///C:/Users/krssa/projects/nalamdesk/node_modules/@angular/core/fesm2022/testing.mjs:2220:13\n    at file:///C:/Users/krssa/projects/nalamdesk/node_modules/@vitest/runner/dist/index.js:145:11\n    at file:///C:/Users/krssa/projects/nalamdesk/node_modules/@vitest/runner/dist/index.js:1243:20\n    at new ZoneAwarePromise (C:\\Users\\krssa\\projects\\nalamdesk\\node_modules\\zone.js\\fesm2015\\zone.js:2702:25)\n    at runWithTimeout (file:///C:/Users/krssa/projects/nalamdesk/node_modules/@vitest/runner/dist/index.js:1209:10)\n    at runHook (file:///C:/Users/krssa/projects/nalamdesk/node_modules/@vitest/runner/dist/index.js:1514:51)\n    at callSuiteHook (file:///C:/Users/krssa/projects/nalamdesk/node_modules/@vitest/runner/dist/index.js:1520:25)"],"location":{"line":116,"column":5},"meta":{}},{"ancestorTitles":["PatientListComponent"],"fullName":"PatientListComponent should validate max age","status":"failed","title":"should validate max age","duration":23.684500000001208,"failureMessages":["Error: Expected to be running in 'ProxyZone', but it was not found.\n    at Function.assertPresent (C:\\Users\\krssa\\projects\\nalamdesk\\node_modules\\zone.js\\fesm2015\\zone-testing.js:1984:19)\n    at Object.resetFakeAsyncZone (C:\\Users\\krssa\\projects\\nalamdesk\\node_modules\\zone.js\\fesm2015\\zone-testing.js:1652:46)\n    at resetFakeAsyncZoneIfExists (file:///C:/Users/krssa/projects/nalamdesk/node_modules/@angular/core/fesm2022/testing.mjs:409:29)\n    at file:///C:/Users/krssa/projects/nalamdesk/node_modules/@angular/core/fesm2022/testing.mjs:2220:13\n    at file:///C:/Users/krssa/projects/nalamdesk/node_modules/@vitest/runner/dist/index.js:145:11\n    at file:///C:/Users/krssa/projects/nalamdesk/node_modules/@vitest/runner/dist/index.js:1243:20\n    at new ZoneAwarePromise (C:\\Users\\krssa\\projects\\nalamdesk\\node_modules\\zone.js\\fesm2015\\zone.js:2702:25)\n    at runWithTimeout (file:///C:/Users/krssa/projects/nalamdesk/node_modules/@vitest/runner/dist/index.js:1209:10)\n    at runHook (file:///C:/Users/krssa/projects/nalamdesk/node_modules/@vitest/runner/dist/index.js:1514:51)\n    at callSuiteHook (file:///C:/Users/krssa/projects/nalamdesk/node_modules/@vitest/runner/dist/index.js:1520:25)"],"location":{"line":122,"column":5},"meta":{}}],"startTime":1769778377195,"endTime":1769778377423.6846,"status":"failed","message":"","name":"C:/Users/krssa/projects/nalamdesk/src/renderer/app/patients/patient-list/patient-list.component.spec.ts"},{"assertionResults":[{"ancestorTitles":["PrescriptionComponent"],"fullName":"PrescriptionComponent should create","status":"failed","title":"should create","duration":1223.2243000000017,"failureMessages":["Error: Expected to be running in 'ProxyZone', but it was not found.\n    at Function.assertPresent (C:\\Users\\krssa\\projects\\nalamdesk\\node_modules\\zone.js\\fesm2015\\zone-testing.js:1984:19)\n    at Object.resetFakeAsyncZone (C:\\Users\\krssa\\projects\\nalamdesk\\node_modules\\zone.js\\fesm2015\\zone-testing.js:1652:46)\n    at resetFakeAsyncZoneIfExists (file:///C:/Users/krssa/projects/nalamdesk/node_modules/@angular/core/fesm2022/testing.mjs:409:29)\n    at file:///C:/Users/krssa/projects/nalamdesk/node_modules/@angular/core/fesm2022/testing.mjs:2220:13\n    at file:///C:/Users/krssa/projects/nalamdesk/node_modules/@vitest/runner/dist/index.js:145:11\n    at file:///C:/Users/krssa/projects/nalamdesk/node_modules/@vitest/runner/dist/index.js:1243:20\n    at new ZoneAwarePromise (C:\\Users\\krssa\\projects\\nalamdesk\\node_modules\\zone.js\\fesm2015\\zone.js:2702:25)\n    at runWithTimeout (file:///C:/Users/krssa/projects/nalamdesk/node_modules/@vitest/runner/dist/index.js:1209:10)\n    at runHook (file:///C:/Users/krssa/projects/nalamdesk/node_modules/@vitest/runner/dist/index.js:1514:51)\n    at callSuiteHook (file:///C:/Users/krssa/projects/nalamdesk/node_modules/@vitest/runner/dist/index.js:1520:25)"],"location":{"line":20,"column":5},"meta":{}},{"ancestorTitles":["PrescriptionComponent"],"fullName":"PrescriptionComponent should initialize with default item","status":"failed","title":"should initialize with default item","duration":182.8536000000022,"failureMessages":["Error: Expected to be running in 'ProxyZone', but it was not found.\n    at Function.assertPresent (C:\\Users\\krssa\\projects\\nalamdesk\\node_modules\\zone.js\\fesm2015\\zone-testing.js:1984:19)\n    at Object.resetFakeAsyncZone (C:\\Users\\krssa\\projects\\nalamdesk\\node_modules\\zone.js\\fesm2015\\zone-testing.js:1652:46)\n    at resetFakeAsyncZoneIfExists (file:///C:/Users/krssa/projects/nalamdesk/node_modules/@angular/core/fesm2022/testing.mjs:409:29)\n    at file:///C:/Users/krssa/projects/nalamdesk/node_modules/@angular/core/fesm2022/testing.mjs:2220:13\n    at file:///C:/Users/krssa/projects/nalamdesk/node_modules/@vitest/runner/dist/index.js:145:11\n    at file:///C:/Users/krssa/projects/nalamdesk/node_modules/@vitest/runner/dist/index.js:1243:20\n    at new ZoneAwarePromise (C:\\Users\\krssa\\projects\\nalamdesk\\node_modules\\zone.js\\fesm2015\\zone.js:2702:25)\n    at runWithTimeout (file:///C:/Users/krssa/projects/nalamdesk/node_modules/@vitest/runner/dist/index.js:1209:10)\n    at runHook (file:///C:/Users/krssa/projects/nalamdesk/node_modules/@vitest/runner/dist/index.js:1514:51)\n    at callSuiteHook (file:///C:/Users/krssa/projects/nalamdesk/node_modules/@vitest/runner/dist/index.js:1520:25)"],"location":{"line":24,"column":5},"meta":{}},{"ancestorTitles":["PrescriptionComponent"],"fullName":"PrescriptionComponent should add medicine item","status":"failed","title":"should add medicine item","duration":217.922300000002,"failureMessages":["Error: Expected to be running in 'ProxyZone', but it was not found.\n    at Function.assertPresent (C:\\Users\\krssa\\projects\\nalamdesk\\node_modules\\zone.js\\fesm2015\\zone-testing.js:1984:19)\n    at Object.resetFakeAsyncZone (C:\\Users\\krssa\\projects\\nalamdesk\\node_modules\\zone.js\\fesm2015\\zone-testing.js:1652:46)\n    at resetFakeAsyncZoneIfExists (file:///C:/Users/krssa/projects/nalamdesk/node_modules/@angular/core/fesm2022/testing.mjs:409:29)\n    at file:///C:/Users/krssa/projects/nalamdesk/node_modules/@angular/core/fesm2022/testing.mjs:2220:13\n    at file:///C:/Users/krssa/projects/nalamdesk/node_modules/@vitest/runner/dist/index.js:145:11\n    at file:///C:/Users/krssa/projects/nalamdesk/node_modules/@vitest/runner/dist/index.js:1243:20\n    at new ZoneAwarePromise (C:\\Users\\krssa\\projects\\nalamdesk\\node_modules\\zone.js\\fesm2015\\zone.js:2702:25)\n    at runWithTimeout (file:///C:/Users/krssa/projects/nalamdesk/node_modules/@vitest/runner/dist/index.js:1209:10)\n    at runHook (file:///C:/Users/krssa/projects/nalamdesk/node_modules/@vitest/runner/dist/index.js:1514:51)\n    at callSuiteHook (file:///C:/Users/krssa/projects/nalamdesk/node_modules/@vitest/runner/dist/index.js:1520:25)"],"location":{"line":29,"column":5},"meta":{}},{"ancestorTitles":["PrescriptionComponent"],"fullName":"PrescriptionComponent should remove medicine item","status":"failed","title":"should remove medicine item","duration":181.97389999999723,"failureMessages":["Error: Expected to be running in 'ProxyZone', but it was not found.\n    at Function.assertPresent (C:\\Users\\krssa\\projects\\nalamdesk\\node_modules\\zone.js\\fesm2015\\zone-testing.js:1984:19)\n    at Object.resetFakeAsyncZone (C:\\Users\\krssa\\projects\\nalamdesk\\node_modules\\zone.js\\fesm2015\\zone-testing.js:1652:46)\n    at resetFakeAsyncZoneIfExists (file:///C:/Users/krssa/projects/nalamdesk/node_modules/@angular/core/fesm2022/testing.mjs:409:29)\n    at file:///C:/Users/krssa/projects/nalamdesk/node_modules/@angular/core/fesm2022/testing.mjs:2220:13\n    at file:///C:/Users/krssa/projects/nalamdesk/node_modules/@vitest/runner/dist/index.js:145:11\n    at file:///C:/Users/krssa/projects/nalamdesk/node_modules/@vitest/runner/dist/index.js:1243:20\n    at new ZoneAwarePromise (C:\\Users\\krssa\\projects\\nalamdesk\\node_modules\\zone.js\\fesm2015\\zone.js:2702:25)\n    at runWithTimeout (file:///C:/Users/krssa/projects/nalamdesk/node_modules/@vitest/runner/dist/index.js:1209:10)\n    at runHook (file:///C:/Users/krssa/projects/nalamdesk/node_modules/@vitest/runner/dist/index.js:1514:51)\n    at callSuiteHook (file:///C:/Users/krssa/projects/nalamdesk/node_modules/@vitest/runner/dist/index.js:1520:25)"],"location":{"line":35,"column":5},"meta":{}},{"ancestorTitles":["PrescriptionComponent"],"fullName":"PrescriptionComponent should emit changes when updated","status":"failed","title":"should emit changes when updated","duration":95.57300000000032,"failureMessages":["Error: Expected to be running in 'ProxyZone', but it was not found.\n    at Function.assertPresent (C:\\Users\\krssa\\projects\\nalamdesk\\node_modules\\zone.js\\fesm2015\\zone-testing.js:1984:19)\n    at Object.resetFakeAsyncZone (C:\\Users\\krssa\\projects\\nalamdesk\\node_modules\\zone.js\\fesm2015\\zone-testing.js:1652:46)\n    at resetFakeAsyncZoneIfExists (file:///C:/Users/krssa/projects/nalamdesk/node_modules/@angular/core/fesm2022/testing.mjs:409:29)\n    at file:///C:/Users/krssa/projects/nalamdesk/node_modules/@angular/core/fesm2022/testing.mjs:2220:13\n    at file:///C:/Users/krssa/projects/nalamdesk/node_modules/@vitest/runner/dist/index.js:145:11\n    at file:///C:/Users/krssa/projects/nalamdesk/node_modules/@vitest/runner/dist/index.js:1243:20\n    at new ZoneAwarePromise (C:\\Users\\krssa\\projects\\nalamdesk\\node_modules\\zone.js\\fesm2015\\zone.js:2702:25)\n    at runWithTimeout (file:///C:/Users/krssa/projects/nalamdesk/node_modules/@vitest/runner/dist/index.js:1209:10)\n    at runHook (file:///C:/Users/krssa/projects/nalamdesk/node_modules/@vitest/runner/dist/index.js:1514:51)\n    at callSuiteHook (file:///C:/Users/krssa/projects/nalamdesk/node_modules/@vitest/runner/dist/index.js:1520:25)"],"location":{"line":46,"column":5},"meta":{}}],"startTime":1769778376973,"endTime":1769778378875.573,"status":"failed","message":"","name":"C:/Users/krssa/projects/nalamdesk/src/renderer/app/visits/prescription/prescription.component.spec.ts"},{"assertionResults":[{"ancestorTitles":["VisitComponent"],"fullName":"VisitComponent should initialize and load data","status":"failed","title":"should initialize and load data","duration":72.97180000000117,"failureMessages":["Error: Expected to be running in 'ProxyZone', but it was not found.\n    at Function.assertPresent (C:\\Users\\krssa\\projects\\nalamdesk\\node_modules\\zone.js\\fesm2015\\zone-testing.js:1984:19)\n    at Object.resetFakeAsyncZone (C:\\Users\\krssa\\projects\\nalamdesk\\node_modules\\zone.js\\fesm2015\\zone-testing.js:1652:46)\n    at resetFakeAsyncZoneIfExists (file:///C:/Users/krssa/projects/nalamdesk/node_modules/@angular/core/fesm2022/testing.mjs:409:29)\n    at file:///C:/Users/krssa/projects/nalamdesk/node_modules/@angular/core/fesm2022/testing.mjs:2220:13\n    at file:///C:/Users/krssa/projects/nalamdesk/node_modules/@vitest/runner/dist/index.js:145:11\n    at file:///C:/Users/krssa/projects/nalamdesk/node_modules/@vitest/runner/dist/index.js:1243:20\n    at new ZoneAwarePromise (C:\\Users\\krssa\\projects\\nalamdesk\\node_modules\\zone.js\\fesm2015\\zone.js:2702:25)\n    at runWithTimeout (file:///C:/Users/krssa/projects/nalamdesk/node_modules/@vitest/runner/dist/index.js:1209:10)\n    at runHook (file:///C:/Users/krssa/projects/nalamdesk/node_modules/@vitest/runner/dist/index.js:1514:51)\n    at callSuiteHook (file:///C:/Users/krssa/projects/nalamdesk/node_modules/@vitest/runner/dist/index.js:1520:25)"],"location":{"line":83,"column":5},"meta":{}},{"ancestorTitles":["VisitComponent"],"fullName":"VisitComponent should set isConsulting to true when patient is in queue","status":"failed","title":"should set isConsulting to true when patient is in queue","duration":23.972799999999552,"failureMessages":["Error: Expected to be running in 'ProxyZone', but it was not found.\n    at Function.assertPresent (C:\\Users\\krssa\\projects\\nalamdesk\\node_modules\\zone.js\\fesm2015\\zone-testing.js:1984:19)\n    at Object.resetFakeAsyncZone (C:\\Users\\krssa\\projects\\nalamdesk\\node_modules\\zone.js\\fesm2015\\zone-testing.js:1652:46)\n    at resetFakeAsyncZoneIfExists (file:///C:/Users/krssa/projects/nalamdesk/node_modules/@angular/core/fesm2022/testing.mjs:409:29)\n    at file:///C:/Users/krssa/projects/nalamdesk/node_modules/@angular/core/fesm2022/testing.mjs:2220:13\n    at file:///C:/Users/krssa/projects/nalamdesk/node_modules/@vitest/runner/dist/index.js:145:11\n    at file:///C:/Users/krssa/projects/nalamdesk/node_modules/@vitest/runner/dist/index.js:1243:20\n    at new ZoneAwarePromise (C:\\Users\\krssa\\projects\\nalamdesk\\node_modules\\zone.js\\fesm2015\\zone.js:2702:25)\n    at runWithTimeout (file:///C:/Users/krssa/projects/nalamdesk/node_modules/@vitest/runner/dist/index.js:1209:10)\n    at runHook (file:///C:/Users/krssa/projects/nalamdesk/node_modules/@vitest/runner/dist/index.js:1514:51)\n    at callSuiteHook (file:///C:/Users/krssa/projects/nalamdesk/node_modules/@vitest/runner/dist/index.js:1520:25)"],"location":{"line":101,"column":5},"meta":{}},{"ancestorTitles":["VisitComponent"],"fullName":"VisitComponent should save visit","status":"failed","title":"should save visit","duration":35.218300000000454,"failureMessages":["Error: Expected to be running in 'ProxyZone', but it was not found.\n    at Function.assertPresent (C:\\Users\\krssa\\projects\\nalamdesk\\node_modules\\zone.js\\fesm2015\\zone-testing.js:1984:19)\n    at Object.resetFakeAsyncZone (C:\\Users\\krssa\\projects\\nalamdesk\\node_modules\\zone.js\\fesm2015\\zone-testing.js:1652:46)\n    at resetFakeAsyncZoneIfExists (file:///C:/Users/krssa/projects/nalamdesk/node_modules/@angular/core/fesm2022/testing.mjs:409:29)\n    at file:///C:/Users/krssa/projects/nalamdesk/node_modules/@angular/core/fesm2022/testing.mjs:2220:13\n    at file:///C:/Users/krssa/projects/nalamdesk/node_modules/@vitest/runner/dist/index.js:145:11\n    at file:///C:/Users/krssa/projects/nalamdesk/node_modules/@vitest/runner/dist/index.js:1243:20\n    at new ZoneAwarePromise (C:\\Users\\krssa\\projects\\nalamdesk\\node_modules\\zone.js\\fesm2015\\zone.js:2702:25)\n    at runWithTimeout (file:///C:/Users/krssa/projects/nalamdesk/node_modules/@vitest/runner/dist/index.js:1209:10)\n    at runHook (file:///C:/Users/krssa/projects/nalamdesk/node_modules/@vitest/runner/dist/index.js:1514:51)\n    at callSuiteHook (file:///C:/Users/krssa/projects/nalamdesk/node_modules/@vitest/runner/dist/index.js:1520:25)"],"location":{"line":118,"column":5},"meta":{}},{"ancestorTitles":["VisitComponent"],"fullName":"VisitComponent should end consult","status":"failed","title":"should end consult","duration":22.186799999999494,"failureMessages":["Error: Expected to be running in 'ProxyZone', but it was not found.\n    at Function.assertPresent (C:\\Users\\krssa\\projects\\nalamdesk\\node_modules\\zone.js\\fesm2015\\zone-testing.js:1984:19)\n    at Object.resetFakeAsyncZone (C:\\Users\\krssa\\projects\\nalamdesk\\node_modules\\zone.js\\fesm2015\\zone-testing.js:1652:46)\n    at resetFakeAsyncZoneIfExists (file:///C:/Users/krssa/projects/nalamdesk/node_modules/@angular/core/fesm2022/testing.mjs:409:29)\n    at file:///C:/Users/krssa/projects/nalamdesk/node_modules/@angular/core/fesm2022/testing.mjs:2220:13\n    at file:///C:/Users/krssa/projects/nalamdesk/node_modules/@vitest/runner/dist/index.js:145:11\n    at file:///C:/Users/krssa/projects/nalamdesk/node_modules/@vitest/runner/dist/index.js:1243:20\n    at new ZoneAwarePromise (C:\\Users\\krssa\\projects\\nalamdesk\\node_modules\\zone.js\\fesm2015\\zone.js:2702:25)\n    at runWithTimeout (file:///C:/Users/krssa/projects/nalamdesk/node_modules/@vitest/runner/dist/index.js:1209:10)\n    at runHook (file:///C:/Users/krssa/projects/nalamdesk/node_modules/@vitest/runner/dist/index.js:1514:51)\n    at callSuiteHook (file:///C:/Users/krssa/projects/nalamdesk/node_modules/@vitest/runner/dist/index.js:1520:25)"],"location":{"line":152,"column":5},"meta":{}}],"startTime":1769778377192,"endTime":1769778377358.1868,"status":"failed","message":"","name":"C:/Users/krssa/projects/nalamdesk/src/renderer/app/visits/visit/visit.component.spec.ts"},{"assertionResults":[{"ancestorTitles":["DatePickerComponent"],"fullName":"DatePickerComponent should create","status":"failed","title":"should create","duration":71.1840000000011,"failureMessages":["Error: Expected to be running in 'ProxyZone', but it was not found.\n    at Function.assertPresent (C:\\Users\\krssa\\projects\\nalamdesk\\node_modules\\zone.js\\fesm2015\\zone-testing.js:1984:19)\n    at Object.resetFakeAsyncZone (C:\\Users\\krssa\\projects\\nalamdesk\\node_modules\\zone.js\\fesm2015\\zone-testing.js:1652:46)\n    at resetFakeAsyncZoneIfExists (file:///C:/Users/krssa/projects/nalamdesk/node_modules/@angular/core/fesm2022/testing.mjs:409:29)\n    at file:///C:/Users/krssa/projects/nalamdesk/node_modules/@angular/core/fesm2022/testing.mjs:2220:13\n    at file:///C:/Users/krssa/projects/nalamdesk/node_modules/@vitest/runner/dist/index.js:145:11\n    at file:///C:/Users/krssa/projects/nalamdesk/node_modules/@vitest/runner/dist/index.js:1243:20\n    at new ZoneAwarePromise (C:\\Users\\krssa\\projects\\nalamdesk\\node_modules\\zone.js\\fesm2015\\zone.js:2702:25)\n    at runWithTimeout (file:///C:/Users/krssa/projects/nalamdesk/node_modules/@vitest/runner/dist/index.js:1209:10)\n    at runHook (file:///C:/Users/krssa/projects/nalamdesk/node_modules/@vitest/runner/dist/index.js:1514:51)\n    at callSuiteHook (file:///C:/Users/krssa/projects/nalamdesk/node_modules/@vitest/runner/dist/index.js:1520:25)"],"location":{"line":25,"column":5},"meta":{}},{"ancestorTitles":["DatePickerComponent"],"fullName":"DatePickerComponent should generate years based on min/max date","status":"failed","title":"should generate years based on min/max date","duration":11.624399999998786,"failureMessages":["Error: Expected to be running in 'ProxyZone', but it was not found.\n    at Function.assertPresent (C:\\Users\\krssa\\projects\\nalamdesk\\node_modules\\zone.js\\fesm2015\\zone-testing.js:1984:19)\n    at Object.resetFakeAsyncZone (C:\\Users\\krssa\\projects\\nalamdesk\\node_modules\\zone.js\\fesm2015\\zone-testing.js:1652:46)\n    at resetFakeAsyncZoneIfExists (file:///C:/Users/krssa/projects/nalamdesk/node_modules/@angular/core/fesm2022/testing.mjs:409:29)\n    at file:///C:/Users/krssa/projects/nalamdesk/node_modules/@angular/core/fesm2022/testing.mjs:2220:13\n    at file:///C:/Users/krssa/projects/nalamdesk/node_modules/@vitest/runner/dist/index.js:145:11\n    at file:///C:/Users/krssa/projects/nalamdesk/node_modules/@vitest/runner/dist/index.js:1243:20\n    at new ZoneAwarePromise (C:\\Users\\krssa\\projects\\nalamdesk\\node_modules\\zone.js\\fesm2015\\zone.js:2702:25)\n    at runWithTimeout (file:///C:/Users/krssa/projects/nalamdesk/node_modules/@vitest/runner/dist/index.js:1209:10)\n    at runHook (file:///C:/Users/krssa/projects/nalamdesk/node_modules/@vitest/runner/dist/index.js:1514:51)\n    at callSuiteHook (file:///C:/Users/krssa/projects/nalamdesk/node_modules/@vitest/runner/dist/index.js:1520:25)"],"location":{"line":29,"column":5},"meta":{}},{"ancestorTitles":["DatePickerComponent"],"fullName":"DatePickerComponent should select year and move to MONTH view","status":"failed","title":"should select year and move to MONTH view","duration":17.449899999999616,"failureMessages":["Error: Expected to be running in 'ProxyZone', but it was not found.\n    at Function.assertPresent (C:\\Users\\krssa\\projects\\nalamdesk\\node_modules\\zone.js\\fesm2015\\zone-testing.js:1984:19)\n    at Object.resetFakeAsyncZone (C:\\Users\\krssa\\projects\\nalamdesk\\node_modules\\zone.js\\fesm2015\\zone-testing.js:1652:46)\n    at resetFakeAsyncZoneIfExists (file:///C:/Users/krssa/projects/nalamdesk/node_modules/@angular/core/fesm2022/testing.mjs:409:29)\n    at file:///C:/Users/krssa/projects/nalamdesk/node_modules/@angular/core/fesm2022/testing.mjs:2220:13\n    at file:///C:/Users/krssa/projects/nalamdesk/node_modules/@vitest/runner/dist/index.js:145:11\n    at file:///C:/Users/krssa/projects/nalamdesk/node_modules/@vitest/runner/dist/index.js:1243:20\n    at new ZoneAwarePromise (C:\\Users\\krssa\\projects\\nalamdesk\\node_modules\\zone.js\\fesm2015\\zone.js:2702:25)\n    at runWithTimeout (file:///C:/Users/krssa/projects/nalamdesk/node_modules/@vitest/runner/dist/index.js:1209:10)\n    at runHook (file:///C:/Users/krssa/projects/nalamdesk/node_modules/@vitest/runner/dist/index.js:1514:51)\n    at callSuiteHook (file:///C:/Users/krssa/projects/nalamdesk/node_modules/@vitest/runner/dist/index.js:1520:25)"],"location":{"line":36,"column":5},"meta":{}},{"ancestorTitles":["DatePickerComponent"],"fullName":"DatePickerComponent should select month and move to DAY view","status":"failed","title":"should select month and move to DAY view","duration":7.89890000000014,"failureMessages":["Error: Expected to be running in 'ProxyZone', but it was not found.\n    at Function.assertPresent (C:\\Users\\krssa\\projects\\nalamdesk\\node_modules\\zone.js\\fesm2015\\zone-testing.js:1984:19)\n    at Object.resetFakeAsyncZone (C:\\Users\\krssa\\projects\\nalamdesk\\node_modules\\zone.js\\fesm2015\\zone-testing.js:1652:46)\n    at resetFakeAsyncZoneIfExists (file:///C:/Users/krssa/projects/nalamdesk/node_modules/@angular/core/fesm2022/testing.mjs:409:29)\n    at file:///C:/Users/krssa/projects/nalamdesk/node_modules/@angular/core/fesm2022/testing.mjs:2220:13\n    at file:///C:/Users/krssa/projects/nalamdesk/node_modules/@vitest/runner/dist/index.js:145:11\n    at file:///C:/Users/krssa/projects/nalamdesk/node_modules/@vitest/runner/dist/index.js:1243:20\n    at new ZoneAwarePromise (C:\\Users\\krssa\\projects\\nalamdesk\\node_modules\\zone.js\\fesm2015\\zone.js:2702:25)\n    at runWithTimeout (file:///C:/Users/krssa/projects/nalamdesk/node_modules/@vitest/runner/dist/index.js:1209:10)\n    at runHook (file:///C:/Users/krssa/projects/nalamdesk/node_modules/@vitest/runner/dist/index.js:1514:51)\n    at callSuiteHook (file:///C:/Users/krssa/projects/nalamdesk/node_modules/@vitest/runner/dist/index.js:1520:25)"],"location":{"line":42,"column":5},"meta":{}},{"ancestorTitles":["DatePickerComponent"],"fullName":"DatePickerComponent should select day and update value","status":"failed","title":"should select day and update value","duration":31.292899999998554,"failureMessages":["Error: Expected to be running in 'ProxyZone', but it was not found.\n    at Function.assertPresent (C:\\Users\\krssa\\projects\\nalamdesk\\node_modules\\zone.js\\fesm2015\\zone-testing.js:1984:19)\n    at Object.resetFakeAsyncZone (C:\\Users\\krssa\\projects\\nalamdesk\\node_modules\\zone.js\\fesm2015\\zone-testing.js:1652:46)\n    at resetFakeAsyncZoneIfExists (file:///C:/Users/krssa/projects/nalamdesk/node_modules/@angular/core/fesm2022/testing.mjs:409:29)\n    at file:///C:/Users/krssa/projects/nalamdesk/node_modules/@angular/core/fesm2022/testing.mjs:2220:13\n    at file:///C:/Users/krssa/projects/nalamdesk/node_modules/@vitest/runner/dist/index.js:145:11\n    at file:///C:/Users/krssa/projects/nalamdesk/node_modules/@vitest/runner/dist/index.js:1243:20\n    at new ZoneAwarePromise (C:\\Users\\krssa\\projects\\nalamdesk\\node_modules\\zone.js\\fesm2015\\zone.js:2702:25)\n    at runWithTimeout (file:///C:/Users/krssa/projects/nalamdesk/node_modules/@vitest/runner/dist/index.js:1209:10)\n    at runHook (file:///C:/Users/krssa/projects/nalamdesk/node_modules/@vitest/runner/dist/index.js:1514:51)\n    at callSuiteHook (file:///C:/Users/krssa/projects/nalamdesk/node_modules/@vitest/runner/dist/index.js:1520:25)"],"location":{"line":50,"column":5},"meta":{}},{"ancestorTitles":["DatePickerComponent"],"fullName":"DatePickerComponent should parse manual input (DDMMYYYY)","status":"failed","title":"should parse manual input (DDMMYYYY)","duration":24.076500000001033,"failureMessages":["Error: Expected to be running in 'ProxyZone', but it was not found.\n    at Function.assertPresent (C:\\Users\\krssa\\projects\\nalamdesk\\node_modules\\zone.js\\fesm2015\\zone-testing.js:1984:19)\n    at Object.resetFakeAsyncZone (C:\\Users\\krssa\\projects\\nalamdesk\\node_modules\\zone.js\\fesm2015\\zone-testing.js:1652:46)\n    at resetFakeAsyncZoneIfExists (file:///C:/Users/krssa/projects/nalamdesk/node_modules/@angular/core/fesm2022/testing.mjs:409:29)\n    at file:///C:/Users/krssa/projects/nalamdesk/node_modules/@angular/core/fesm2022/testing.mjs:2220:13\n    at file:///C:/Users/krssa/projects/nalamdesk/node_modules/@vitest/runner/dist/index.js:145:11\n    at file:///C:/Users/krssa/projects/nalamdesk/node_modules/@vitest/runner/dist/index.js:1243:20\n    at new ZoneAwarePromise (C:\\Users\\krssa\\projects\\nalamdesk\\node_modules\\zone.js\\fesm2015\\zone.js:2702:25)\n    at runWithTimeout (file:///C:/Users/krssa/projects/nalamdesk/node_modules/@vitest/runner/dist/index.js:1209:10)\n    at runHook (file:///C:/Users/krssa/projects/nalamdesk/node_modules/@vitest/runner/dist/index.js:1514:51)\n    at callSuiteHook (file:///C:/Users/krssa/projects/nalamdesk/node_modules/@vitest/runner/dist/index.js:1520:25)"],"location":{"line":63,"column":5},"meta":{}},{"ancestorTitles":["DatePickerComponent"],"fullName":"DatePickerComponent should parse manual input (DD/MM/YYYY)","status":"failed","title":"should parse manual input (DD/MM/YYYY)","duration":11.093899999999849,"failureMessages":["Error: Expected to be running in 'ProxyZone', but it was not found.\n    at Function.assertPresent (C:\\Users\\krssa\\projects\\nalamdesk\\node_modules\\zone.js\\fesm2015\\zone-testing.js:1984:19)\n    at Object.resetFakeAsyncZone (C:\\Users\\krssa\\projects\\nalamdesk\\node_modules\\zone.js\\fesm2015\\zone-testing.js:1652:46)\n    at resetFakeAsyncZoneIfExists (file:///C:/Users/krssa/projects/nalamdesk/node_modules/@angular/core/fesm2022/testing.mjs:409:29)\n    at file:///C:/Users/krssa/projects/nalamdesk/node_modules/@angular/core/fesm2022/testing.mjs:2220:13\n    at file:///C:/Users/krssa/projects/nalamdesk/node_modules/@vitest/runner/dist/index.js:145:11\n    at file:///C:/Users/krssa/projects/nalamdesk/node_modules/@vitest/runner/dist/index.js:1243:20\n    at new ZoneAwarePromise (C:\\Users\\krssa\\projects\\nalamdesk\\node_modules\\zone.js\\fesm2015\\zone.js:2702:25)\n    at runWithTimeout (file:///C:/Users/krssa/projects/nalamdesk/node_modules/@vitest/runner/dist/index.js:1209:10)\n    at runHook (file:///C:/Users/krssa/projects/nalamdesk/node_modules/@vitest/runner/dist/index.js:1514:51)\n    at callSuiteHook (file:///C:/Users/krssa/projects/nalamdesk/node_modules/@vitest/runner/dist/index.js:1520:25)"],"location":{"line":74,"column":5},"meta":{}},{"ancestorTitles":["DatePickerComponent"],"fullName":"DatePickerComponent should not update value for invalid date","status":"failed","title":"should not update value for invalid date","duration":32.544300000001385,"failureMessages":["Error: Expected to be running in 'ProxyZone', but it was not found.\n    at Function.assertPresent (C:\\Users\\krssa\\projects\\nalamdesk\\node_modules\\zone.js\\fesm2015\\zone-testing.js:1984:19)\n    at Object.resetFakeAsyncZone (C:\\Users\\krssa\\projects\\nalamdesk\\node_modules\\zone.js\\fesm2015\\zone-testing.js:1652:46)\n    at resetFakeAsyncZoneIfExists (file:///C:/Users/krssa/projects/nalamdesk/node_modules/@angular/core/fesm2022/testing.mjs:409:29)\n    at file:///C:/Users/krssa/projects/nalamdesk/node_modules/@angular/core/fesm2022/testing.mjs:2220:13\n    at file:///C:/Users/krssa/projects/nalamdesk/node_modules/@vitest/runner/dist/index.js:145:11\n    at file:///C:/Users/krssa/projects/nalamdesk/node_modules/@vitest/runner/dist/index.js:1243:20\n    at new ZoneAwarePromise (C:\\Users\\krssa\\projects\\nalamdesk\\node_modules\\zone.js\\fesm2015\\zone.js:2702:25)\n    at runWithTimeout (file:///C:/Users/krssa/projects/nalamdesk/node_modules/@vitest/runner/dist/index.js:1209:10)\n    at runHook (file:///C:/Users/krssa/projects/nalamdesk/node_modules/@vitest/runner/dist/index.js:1514:51)\n    at callSuiteHook (file:///C:/Users/krssa/projects/nalamdesk/node_modules/@vitest/runner/dist/index.js:1520:25)"],"location":{"line":84,"column":5},"meta":{}},{"ancestorTitles":["DatePickerComponent"],"fullName":"DatePickerComponent should respect minDate validation","status":"failed","title":"should respect minDate validation","duration":16.556099999999788,"failureMessages":["Error: Expected to be running in 'ProxyZone', but it was not found.\n    at Function.assertPresent (C:\\Users\\krssa\\projects\\nalamdesk\\node_modules\\zone.js\\fesm2015\\zone-testing.js:1984:19)\n    at Object.resetFakeAsyncZone (C:\\Users\\krssa\\projects\\nalamdesk\\node_modules\\zone.js\\fesm2015\\zone-testing.js:1652:46)\n    at resetFakeAsyncZoneIfExists (file:///C:/Users/krssa/projects/nalamdesk/node_modules/@angular/core/fesm2022/testing.mjs:409:29)\n    at file:///C:/Users/krssa/projects/nalamdesk/node_modules/@angular/core/fesm2022/testing.mjs:2220:13\n    at file:///C:/Users/krssa/projects/nalamdesk/node_modules/@vitest/runner/dist/index.js:145:11\n    at file:///C:/Users/krssa/projects/nalamdesk/node_modules/@vitest/runner/dist/index.js:1243:20\n    at new ZoneAwarePromise (C:\\Users\\krssa\\projects\\nalamdesk\\node_modules\\zone.js\\fesm2015\\zone.js:2702:25)\n    at runWithTimeout (file:///C:/Users/krssa/projects/nalamdesk/node_modules/@vitest/runner/dist/index.js:1209:10)\n    at runHook (file:///C:/Users/krssa/projects/nalamdesk/node_modules/@vitest/runner/dist/index.js:1514:51)\n    at callSuiteHook (file:///C:/Users/krssa/projects/nalamdesk/node_modules/@vitest/runner/dist/index.js:1520:25)"],"location":{"line":94,"column":5},"meta":{}},{"ancestorTitles":["DatePickerComponent"],"fullName":"DatePickerComponent should handle global click (close if outside)","status":"failed","title":"should handle global click (close if outside)","duration":34.664700000001176,"failureMessages":["Error: Expected to be running in 'ProxyZone', but it was not found.\n    at Function.assertPresent (C:\\Users\\krssa\\projects\\nalamdesk\\node_modules\\zone.js\\fesm2015\\zone-testing.js:1984:19)\n    at Object.resetFakeAsyncZone (C:\\Users\\krssa\\projects\\nalamdesk\\node_modules\\zone.js\\fesm2015\\zone-testing.js:1652:46)\n    at resetFakeAsyncZoneIfExists (file:///C:/Users/krssa/projects/nalamdesk/node_modules/@angular/core/fesm2022/testing.mjs:409:29)\n    at file:///C:/Users/krssa/projects/nalamdesk/node_modules/@angular/core/fesm2022/testing.mjs:2220:13\n    at file:///C:/Users/krssa/projects/nalamdesk/node_modules/@vitest/runner/dist/index.js:145:11\n    at file:///C:/Users/krssa/projects/nalamdesk/node_modules/@vitest/runner/dist/index.js:1243:20\n    at new ZoneAwarePromise (C:\\Users\\krssa\\projects\\nalamdesk\\node_modules\\zone.js\\fesm2015\\zone.js:2702:25)\n    at runWithTimeout (file:///C:/Users/krssa/projects/nalamdesk/node_modules/@vitest/runner/dist/index.js:1209:10)\n    at runHook (file:///C:/Users/krssa/projects/nalamdesk/node_modules/@vitest/runner/dist/index.js:1514:51)\n    at callSuiteHook (file:///C:/Users/krssa/projects/nalamdesk/node_modules/@vitest/runner/dist/index.js:1520:25)"],"location":{"line":103,"column":5},"meta":{}},{"ancestorTitles":["DatePickerComponent"],"fullName":"DatePickerComponent should handle global click (stay open if inside)","status":"failed","title":"should handle global click (stay open if inside)","duration":15.427300000001196,"failureMessages":["Error: Expected to be running in 'ProxyZone', but it was not found.\n    at Function.assertPresent (C:\\Users\\krssa\\projects\\nalamdesk\\node_modules\\zone.js\\fesm2015\\zone-testing.js:1984:19)\n    at Object.resetFakeAsyncZone (C:\\Users\\krssa\\projects\\nalamdesk\\node_modules\\zone.js\\fesm2015\\zone-testing.js:1652:46)\n    at resetFakeAsyncZoneIfExists (file:///C:/Users/krssa/projects/nalamdesk/node_modules/@angular/core/fesm2022/testing.mjs:409:29)\n    at file:///C:/Users/krssa/projects/nalamdesk/node_modules/@angular/core/fesm2022/testing.mjs:2220:13\n    at file:///C:/Users/krssa/projects/nalamdesk/node_modules/@vitest/runner/dist/index.js:145:11\n    at file:///C:/Users/krssa/projects/nalamdesk/node_modules/@vitest/runner/dist/index.js:1243:20\n    at new ZoneAwarePromise (C:\\Users\\krssa\\projects\\nalamdesk\\node_modules\\zone.js\\fesm2015\\zone.js:2702:25)\n    at runWithTimeout (file:///C:/Users/krssa/projects/nalamdesk/node_modules/@vitest/runner/dist/index.js:1209:10)\n    at runHook (file:///C:/Users/krssa/projects/nalamdesk/node_modules/@vitest/runner/dist/index.js:1514:51)\n    at callSuiteHook (file:///C:/Users/krssa/projects/nalamdesk/node_modules/@vitest/runner/dist/index.js:1520:25)"],"location":{"line":117,"column":5},"meta":{}}],"startTime":1769778376778,"endTime":1769778377070.4272,"status":"failed","message":"","name":"C:/Users/krssa/projects/nalamdesk/src/renderer/app/shared/components/date-picker/date-picker.component.spec.ts"}]}
 HTML  Report is generated
       You can run npx vite preview --outDir html to see the test results.
