src/renderer/app/settings/settings.component.ts(4,29): error TS2307: Cannot find module '../../services/data.service' or its corresponding type declarations.
